Copyright 1986-2022 Xilinx, Inc. All Rights Reserved.
--------------------------------------------------------------------------------------------------------------------------------------------------------
| Tool Version : Vivado v.2022.1 (lin64) Build 3526262 Mon Apr 18 15:47:01 MDT 2022
| Date         : Sun Nov 13 10:22:41 2022
| Host         : HLS02 running 64-bit Ubuntu 20.04.4 LTS
| Command      : report_accelerator_utilization -kernels { dut:level0_i/ulp/dut/inst:dut} -file kernel_util_synthed.rpt -name kernel_util_synthed -json
| Design       : level0_wrapper
| Device       : xcu50
| Design State : Synthesized
--------------------------------------------------------------------------------------------------------------------------------------------------------

Accelerator Utilization Design Information

Table of Contents
-----------------
1. System Utilization

1. System Utilization
---------------------

+---------------------+------------------+------------------+-------------------+----------------+---------------+----------------+
| Name                | LUT              | LUTAsMem         | REG               | BRAM           | URAM          | DSP            |
+---------------------+------------------+------------------+-------------------+----------------+---------------+----------------+
| Platform            | 150798 [ 17.32%] |  14602 [  3.63%] |  183715 [ 10.54%] |  181 [ 13.47%] |   4 [  0.63%] |    4 [  0.07%] |
| User Budget         | 719922 [100.00%] | 388118 [100.00%] | 1559645 [100.00%] | 1163 [100.00%] | 636 [100.00%] | 5948 [100.00%] |
|    Used Resources   |   5375 [  0.75%] |    634 [  0.16%] |    6468 [  0.41%] |   91 [  7.82%] |   1 [  0.16%] |    7 [  0.12%] |
|    Unused Resources | 714547 [ 99.25%] | 387484 [ 99.84%] | 1553177 [ 99.59%] | 1072 [ 92.18%] | 635 [ 99.84%] | 5941 [ 99.88%] |
| dut                 |   5375 [  0.75%] |    634 [  0.16%] |    6468 [  0.41%] |   91 [  7.82%] |   1 [  0.16%] |    7 [  0.12%] |
|    dut              |   5375 [  0.75%] |    634 [  0.16%] |    6468 [  0.41%] |   91 [  7.82%] |   1 [  0.16%] |    7 [  0.12%] |
+---------------------+------------------+------------------+-------------------+----------------+---------------+----------------+


