Copyright 1986-2022 Xilinx, Inc. All Rights Reserved.
------------------------------------------------------------------------------------------------------------------------------------------------------
| Tool Version : Vivado v.2022.1 (lin64) Build 3526262 Mon Apr 18 15:47:01 MDT 2022
| Date         : Sun Nov 13 10:47:20 2022
| Host         : HLS02 running 64-bit Ubuntu 20.04.4 LTS
| Command      : report_accelerator_utilization -kernels { dut:level0_i/ulp/dut/inst:dut} -file kernel_util_routed.rpt -name kernel_util_routed -json
| Design       : level0_wrapper
| Device       : xcu50
| Design State : Routed
------------------------------------------------------------------------------------------------------------------------------------------------------

Accelerator Utilization Design Information

Table of Contents
-----------------
1. System Utilization

1. System Utilization
---------------------

+---------------------+------------------+------------------+-------------------+----------------+---------------+----------------+
| Name                | LUT              | LUTAsMem         | REG               | BRAM           | URAM          | DSP            |
+---------------------+------------------+------------------+-------------------+----------------+---------------+----------------+
| Platform            | 127669 [ 14.66%] |   9995 [  2.48%] |  166950 [  9.58%] |  181 [ 13.47%] |   4 [  0.63%] |    4 [  0.07%] |
| User Budget         | 743051 [100.00%] | 392725 [100.00%] | 1576410 [100.00%] | 1163 [100.00%] | 636 [100.00%] | 5948 [100.00%] |
|    Used Resources   |   5057 [  0.68%] |    601 [  0.15%] |    6293 [  0.40%] |   91 [  7.82%] |   1 [  0.16%] |    7 [  0.12%] |
|    Unused Resources | 737994 [ 99.32%] | 392124 [ 99.85%] | 1570117 [ 99.60%] | 1072 [ 92.18%] | 635 [ 99.84%] | 5941 [ 99.88%] |
| dut                 |   5057 [  0.68%] |    601 [  0.15%] |    6293 [  0.40%] |   91 [  7.82%] |   1 [  0.16%] |    7 [  0.12%] |
|    dut              |   5057 [  0.68%] |    601 [  0.15%] |    6293 [  0.40%] |   91 [  7.82%] |   1 [  0.16%] |    7 [  0.12%] |
+---------------------+------------------+------------------+-------------------+----------------+---------------+----------------+


