

================================================================
== Vitis HLS Report for 'dut'
================================================================
* Date:           Sun Nov 13 17:17:50 2022

* Version:        2022.1 (Build 3526262 on Mon Apr 18 15:47:01 MDT 2022)
* Project:        betweenness.prj
* Solution:       solution1 (Vitis Kernel Flow Target)
* Product family: virtexuplus
* Target device:  xcu280-fsvh2892-2L-e


================================================================
== Performance Estimates
================================================================
+ Timing: 
    * Summary: 
    +--------+---------+----------+------------+
    |  Clock |  Target | Estimated| Uncertainty|
    +--------+---------+----------+------------+
    |ap_clk  |  3.33 ns|  2.431 ns|     0.90 ns|
    +--------+---------+----------+------------+

+ Latency: 
    * Summary: 
    +---------+------------+----------+-----------+--------+------------+---------+
    |   Latency (cycles)   |  Latency (absolute)  |       Interval      | Pipeline|
    |   min   |     max    |    min   |    max    |   min  |     max    |   Type  |
    +---------+------------+----------+-----------+--------+------------+---------+
    |   508239|  1636372031|  1.692 ms|  5.449 sec|  508240|  1636372032|       no|
    +---------+------------+----------+-----------+--------+------------+---------+

    + Detail: 
        * Instance: 
        N/A

        * Loop: 
        +-------------+---------+------------+----------+-----------+-----------+----------+----------+
        |             |   Latency (cycles)   | Iteration|  Initiation Interval  |   Trip   |          |
        |  Loop Name  |   min   |     max    |  Latency |  achieved |   target  |   Count  | Pipelined|
        +-------------+---------+------------+----------+-----------+-----------+----------+----------+
        |- Main_loop  |   463024|  1636326816|    463024|          -|          -|  1 ~ 3534|        no|
        +-------------+---------+------------+----------+-----------+-----------+----------+----------+

============================================================
+ Verbose Summary: Synthesis Manager
============================================================
InlineROM: 1
ExposeGlobal: 0
============================================================
+ Verbose Summary: CDFG Model
============================================================
IsTopModel: 1
ResetActiveHigh: 1
IsCombinational: 0
IsDatapathOnly: 0
HasWiredReturn: 1
HasMFsm: 0
HasVarLatency: 1
IsPipeline: 0
IsRtlPipelined: 0
IsInstanceOverlapped: 0
IsDontTouch: 0
HasImplIP: 0
IsGatedGlobalClock: 0


============================================================
+ Verbose Summary: Schedule
============================================================
* Number of FSM states : 88
* Pipeline : 0
* Dataflow Pipeline: 0

* FSM state transitions: 
1 --> 2 
2 --> 3 
3 --> 4 
4 --> 5 
5 --> 6 
6 --> 7 
7 --> 8 
8 --> 9 
9 --> 10 
10 --> 11 
11 --> 12 
12 --> 13 
13 --> 14 
14 --> 15 
15 --> 16 
16 --> 17 
17 --> 18 
18 --> 19 
19 --> 20 
20 --> 21 
21 --> 22 
22 --> 23 
23 --> 24 
24 --> 25 
25 --> 26 
26 --> 27 
27 --> 28 
28 --> 29 
29 --> 30 
30 --> 31 
31 --> 32 
32 --> 33 
33 --> 34 
34 --> 35 
35 --> 36 
36 --> 37 
37 --> 38 
38 --> 39 
39 --> 40 
40 --> 41 
41 --> 42 
42 --> 43 
43 --> 50 44 
44 --> 45 
45 --> 46 
46 --> 47 
47 --> 48 
48 --> 49 
49 --> 43 
50 --> 51 
51 --> 52 
52 --> 53 
53 --> 54 
54 --> 55 
55 --> 56 
56 --> 57 
57 --> 58 
58 --> 59 
59 --> 60 
60 --> 61 
61 --> 62 
62 --> 63 
63 --> 64 
64 --> 65 
65 --> 66 
66 --> 67 
67 --> 68 
68 --> 69 
69 --> 70 
70 --> 71 
71 --> 72 
72 --> 73 
73 --> 74 
74 --> 75 
75 --> 76 
76 --> 77 
77 --> 78 
78 --> 79 
79 --> 80 
80 --> 81 
81 --> 82 
82 --> 83 
83 --> 84 
84 --> 85 
85 --> 86 
86 --> 87 
87 --> 88 
88 --> 

* FSM state operations: 

State 1 <SV = 0> <Delay = 1.00>
ST_1 : Operation 89 [1/1] (0.00ns)   --->   "%i_2 = alloca i32 1"   --->   Operation 89 'alloca' 'i_2' <Predicate = true> <Delay = 0.00>
ST_1 : Operation 90 [1/1] (1.00ns)   --->   "%numVert_read = read i32 @_ssdm_op_Read.ap_none.i32, i32 %numVert" [top.cpp:6]   --->   Operation 90 'read' 'numVert_read' <Predicate = true> <Delay = 1.00> <CoreInst = "s_axilite">   --->   Core 122 's_axilite' <Latency = 0> <II = 1> <Delay = 1.00> <Adapter> <Opcode : 'read' 'write'>
ST_1 : Operation 91 [1/1] (0.00ns)   --->   "%trunc_ln6 = trunc i32 %numVert_read" [top.cpp:6]   --->   Operation 91 'trunc' 'trunc_ln6' <Predicate = true> <Delay = 0.00>
ST_1 : Operation 92 [1/1] (0.38ns)   --->   "%store_ln162 = store i12 0, i12 %i_2" [top.cpp:162]   --->   Operation 92 'store' 'store_ln162' <Predicate = true> <Delay = 0.38>

State 2 <SV = 1> <Delay = 2.10>
ST_2 : Operation 93 [1/1] (1.00ns)   --->   "%btwn_read = read i64 @_ssdm_op_Read.s_axilite.i64, i64 %btwn" [top.cpp:6]   --->   Operation 93 'read' 'btwn_read' <Predicate = true> <Delay = 1.00> <CoreInst = "s_axilite">   --->   Core 122 's_axilite' <Latency = 0> <II = 1> <Delay = 1.00> <Adapter> <Opcode : 'read' 'write'>
ST_2 : Operation 94 [1/1] (1.00ns)   --->   "%column_read = read i64 @_ssdm_op_Read.s_axilite.i64, i64 %column" [top.cpp:6]   --->   Operation 94 'read' 'column_read' <Predicate = true> <Delay = 1.00> <CoreInst = "s_axilite">   --->   Core 122 's_axilite' <Latency = 0> <II = 1> <Delay = 1.00> <Adapter> <Opcode : 'read' 'write'>
ST_2 : Operation 95 [1/1] (1.00ns)   --->   "%offset_read = read i64 @_ssdm_op_Read.s_axilite.i64, i64 %offset" [top.cpp:6]   --->   Operation 95 'read' 'offset_read' <Predicate = true> <Delay = 1.00> <CoreInst = "s_axilite">   --->   Core 122 's_axilite' <Latency = 0> <II = 1> <Delay = 1.00> <Adapter> <Opcode : 'read' 'write'>
ST_2 : Operation 96 [1/1] (1.00ns)   --->   "%numEdge_read = read i32 @_ssdm_op_Read.ap_none.i32, i32 %numEdge" [top.cpp:6]   --->   Operation 96 'read' 'numEdge_read' <Predicate = true> <Delay = 1.00> <CoreInst = "s_axilite">   --->   Core 122 's_axilite' <Latency = 0> <II = 1> <Delay = 1.00> <Adapter> <Opcode : 'read' 'write'>
ST_2 : Operation 97 [1/1] (0.00ns)   --->   "%trunc_ln6_1 = trunc i32 %numEdge_read" [top.cpp:6]   --->   Operation 97 'trunc' 'trunc_ln6_1' <Predicate = true> <Delay = 0.00>
ST_2 : Operation 98 [1/1] (0.88ns)   --->   "%add = add i32 %numVert_read, i32 1" [top.cpp:6]   --->   Operation 98 'add' 'add' <Predicate = true> <Delay = 0.88> <CoreInst = "Adder">   --->   Core 1 'Adder' <Latency = 0> <II = 1> <Delay = 0.88> <FuncUnit> <Opcode : 'add' 'sub'> <InPorts = 2> <OutPorts = 1>
ST_2 : Operation 99 [1/1] (0.74ns)   --->   "%add_ln145 = add i12 %trunc_ln6, i12 1" [top.cpp:145]   --->   Operation 99 'add' 'add_ln145' <Predicate = true> <Delay = 0.74> <CoreInst = "Adder">   --->   Core 1 'Adder' <Latency = 0> <II = 1> <Delay = 0.74> <FuncUnit> <Opcode : 'add' 'sub'> <InPorts = 2> <OutPorts = 1>
ST_2 : Operation 100 [1/1] (0.85ns)   --->   "%icmp_ln145 = icmp_ult  i32 %add, i32 3535" [top.cpp:145]   --->   Operation 100 'icmp' 'icmp_ln145' <Predicate = true> <Delay = 0.85> <CoreInst = "Cmp">   --->   Core 9 'Cmp' <Latency = 0> <II = 1> <Delay = 0.85> <FuncUnit> <Opcode : 'icmp'> <InPorts = 2> <OutPorts = 1>
ST_2 : Operation 101 [1/1] (0.00ns)   --->   "%trunc_ln = partselect i62 @_ssdm_op_PartSelect.i62.i64.i32.i32, i64 %offset_read, i32 2, i32 63" [top.cpp:145]   --->   Operation 101 'partselect' 'trunc_ln' <Predicate = true> <Delay = 0.00>
ST_2 : Operation 102 [1/1] (0.29ns)   --->   "%select_ln145 = select i1 %icmp_ln145, i12 %add_ln145, i12 3535" [top.cpp:145]   --->   Operation 102 'select' 'select_ln145' <Predicate = true> <Delay = 0.29> <CoreInst = "Sel">   --->   Core 73 'Sel' <Latency = 0> <II = 1> <Delay = 0.29> <FuncUnit> <Opcode : 'select'> <InPorts = 3> <OutPorts = 1>
ST_2 : Operation 103 [1/1] (0.85ns)   --->   "%icmp_ln154 = icmp_ult  i32 %numEdge_read, i32 41594" [top.cpp:154]   --->   Operation 103 'icmp' 'icmp_ln154' <Predicate = true> <Delay = 0.85> <CoreInst = "Cmp">   --->   Core 9 'Cmp' <Latency = 0> <II = 1> <Delay = 0.85> <FuncUnit> <Opcode : 'icmp'> <InPorts = 2> <OutPorts = 1>
ST_2 : Operation 104 [1/1] (0.00ns)   --->   "%trunc_ln1 = partselect i62 @_ssdm_op_PartSelect.i62.i64.i32.i32, i64 %column_read, i32 2, i32 63" [top.cpp:154]   --->   Operation 104 'partselect' 'trunc_ln1' <Predicate = true> <Delay = 0.00>
ST_2 : Operation 105 [1/1] (0.24ns)   --->   "%select_ln154 = select i1 %icmp_ln154, i16 %trunc_ln6_1, i16 41594" [top.cpp:154]   --->   Operation 105 'select' 'select_ln154' <Predicate = true> <Delay = 0.24> <CoreInst = "Sel">   --->   Core 73 'Sel' <Latency = 0> <II = 1> <Delay = 0.24> <FuncUnit> <Opcode : 'select'> <InPorts = 3> <OutPorts = 1>

State 3 <SV = 2> <Delay = 2.43>
ST_3 : Operation 106 [1/1] (0.00ns)   --->   "%sext_ln145 = sext i62 %trunc_ln" [top.cpp:145]   --->   Operation 106 'sext' 'sext_ln145' <Predicate = true> <Delay = 0.00>
ST_3 : Operation 107 [1/1] (0.00ns)   --->   "%gmem0_addr = getelementptr i32 %gmem0, i64 %sext_ln145" [top.cpp:145]   --->   Operation 107 'getelementptr' 'gmem0_addr' <Predicate = true> <Delay = 0.00>
ST_3 : Operation 108 [1/1] (0.00ns)   --->   "%zext_ln145 = zext i12 %select_ln145" [top.cpp:145]   --->   Operation 108 'zext' 'zext_ln145' <Predicate = true> <Delay = 0.00>
ST_3 : Operation 109 [38/38] (2.43ns)   --->   "%empty = readreq i1 @_ssdm_op_ReadReq.m_axi.p1i32, i32 %gmem0_addr, i32 %zext_ln145" [top.cpp:145]   --->   Operation 109 'readreq' 'empty' <Predicate = true> <Delay = 2.43> <CoreInst = "m_axi">   --->   Core 121 'm_axi' <Latency = 0> <II = 1> <Delay = 1.00> <Adapter> <Opcode : 'read' 'write' 'readreq' 'writereq' 'writeresp'>
ST_3 : Operation 110 [1/1] (0.00ns)   --->   "%sext_ln154 = sext i62 %trunc_ln1" [top.cpp:154]   --->   Operation 110 'sext' 'sext_ln154' <Predicate = true> <Delay = 0.00>
ST_3 : Operation 111 [1/1] (0.00ns)   --->   "%gmem1_addr = getelementptr i32 %gmem1, i64 %sext_ln154" [top.cpp:154]   --->   Operation 111 'getelementptr' 'gmem1_addr' <Predicate = true> <Delay = 0.00>
ST_3 : Operation 112 [1/1] (0.00ns)   --->   "%zext_ln154 = zext i16 %select_ln154" [top.cpp:154]   --->   Operation 112 'zext' 'zext_ln154' <Predicate = true> <Delay = 0.00>
ST_3 : Operation 113 [38/38] (2.43ns)   --->   "%empty_41 = readreq i1 @_ssdm_op_ReadReq.m_axi.p1i32, i32 %gmem1_addr, i32 %zext_ln154" [top.cpp:154]   --->   Operation 113 'readreq' 'empty_41' <Predicate = true> <Delay = 2.43> <CoreInst = "m_axi">   --->   Core 121 'm_axi' <Latency = 0> <II = 1> <Delay = 1.00> <Adapter> <Opcode : 'read' 'write' 'readreq' 'writereq' 'writeresp'>

State 4 <SV = 3> <Delay = 2.43>
ST_4 : Operation 114 [37/38] (2.43ns)   --->   "%empty = readreq i1 @_ssdm_op_ReadReq.m_axi.p1i32, i32 %gmem0_addr, i32 %zext_ln145" [top.cpp:145]   --->   Operation 114 'readreq' 'empty' <Predicate = true> <Delay = 2.43> <CoreInst = "m_axi">   --->   Core 121 'm_axi' <Latency = 0> <II = 1> <Delay = 1.00> <Adapter> <Opcode : 'read' 'write' 'readreq' 'writereq' 'writeresp'>
ST_4 : Operation 115 [37/38] (2.43ns)   --->   "%empty_41 = readreq i1 @_ssdm_op_ReadReq.m_axi.p1i32, i32 %gmem1_addr, i32 %zext_ln154" [top.cpp:154]   --->   Operation 115 'readreq' 'empty_41' <Predicate = true> <Delay = 2.43> <CoreInst = "m_axi">   --->   Core 121 'm_axi' <Latency = 0> <II = 1> <Delay = 1.00> <Adapter> <Opcode : 'read' 'write' 'readreq' 'writereq' 'writeresp'>

State 5 <SV = 4> <Delay = 2.43>
ST_5 : Operation 116 [36/38] (2.43ns)   --->   "%empty = readreq i1 @_ssdm_op_ReadReq.m_axi.p1i32, i32 %gmem0_addr, i32 %zext_ln145" [top.cpp:145]   --->   Operation 116 'readreq' 'empty' <Predicate = true> <Delay = 2.43> <CoreInst = "m_axi">   --->   Core 121 'm_axi' <Latency = 0> <II = 1> <Delay = 1.00> <Adapter> <Opcode : 'read' 'write' 'readreq' 'writereq' 'writeresp'>
ST_5 : Operation 117 [36/38] (2.43ns)   --->   "%empty_41 = readreq i1 @_ssdm_op_ReadReq.m_axi.p1i32, i32 %gmem1_addr, i32 %zext_ln154" [top.cpp:154]   --->   Operation 117 'readreq' 'empty_41' <Predicate = true> <Delay = 2.43> <CoreInst = "m_axi">   --->   Core 121 'm_axi' <Latency = 0> <II = 1> <Delay = 1.00> <Adapter> <Opcode : 'read' 'write' 'readreq' 'writereq' 'writeresp'>

State 6 <SV = 5> <Delay = 2.43>
ST_6 : Operation 118 [35/38] (2.43ns)   --->   "%empty = readreq i1 @_ssdm_op_ReadReq.m_axi.p1i32, i32 %gmem0_addr, i32 %zext_ln145" [top.cpp:145]   --->   Operation 118 'readreq' 'empty' <Predicate = true> <Delay = 2.43> <CoreInst = "m_axi">   --->   Core 121 'm_axi' <Latency = 0> <II = 1> <Delay = 1.00> <Adapter> <Opcode : 'read' 'write' 'readreq' 'writereq' 'writeresp'>
ST_6 : Operation 119 [35/38] (2.43ns)   --->   "%empty_41 = readreq i1 @_ssdm_op_ReadReq.m_axi.p1i32, i32 %gmem1_addr, i32 %zext_ln154" [top.cpp:154]   --->   Operation 119 'readreq' 'empty_41' <Predicate = true> <Delay = 2.43> <CoreInst = "m_axi">   --->   Core 121 'm_axi' <Latency = 0> <II = 1> <Delay = 1.00> <Adapter> <Opcode : 'read' 'write' 'readreq' 'writereq' 'writeresp'>

State 7 <SV = 6> <Delay = 2.43>
ST_7 : Operation 120 [34/38] (2.43ns)   --->   "%empty = readreq i1 @_ssdm_op_ReadReq.m_axi.p1i32, i32 %gmem0_addr, i32 %zext_ln145" [top.cpp:145]   --->   Operation 120 'readreq' 'empty' <Predicate = true> <Delay = 2.43> <CoreInst = "m_axi">   --->   Core 121 'm_axi' <Latency = 0> <II = 1> <Delay = 1.00> <Adapter> <Opcode : 'read' 'write' 'readreq' 'writereq' 'writeresp'>
ST_7 : Operation 121 [34/38] (2.43ns)   --->   "%empty_41 = readreq i1 @_ssdm_op_ReadReq.m_axi.p1i32, i32 %gmem1_addr, i32 %zext_ln154" [top.cpp:154]   --->   Operation 121 'readreq' 'empty_41' <Predicate = true> <Delay = 2.43> <CoreInst = "m_axi">   --->   Core 121 'm_axi' <Latency = 0> <II = 1> <Delay = 1.00> <Adapter> <Opcode : 'read' 'write' 'readreq' 'writereq' 'writeresp'>

State 8 <SV = 7> <Delay = 2.43>
ST_8 : Operation 122 [33/38] (2.43ns)   --->   "%empty = readreq i1 @_ssdm_op_ReadReq.m_axi.p1i32, i32 %gmem0_addr, i32 %zext_ln145" [top.cpp:145]   --->   Operation 122 'readreq' 'empty' <Predicate = true> <Delay = 2.43> <CoreInst = "m_axi">   --->   Core 121 'm_axi' <Latency = 0> <II = 1> <Delay = 1.00> <Adapter> <Opcode : 'read' 'write' 'readreq' 'writereq' 'writeresp'>
ST_8 : Operation 123 [33/38] (2.43ns)   --->   "%empty_41 = readreq i1 @_ssdm_op_ReadReq.m_axi.p1i32, i32 %gmem1_addr, i32 %zext_ln154" [top.cpp:154]   --->   Operation 123 'readreq' 'empty_41' <Predicate = true> <Delay = 2.43> <CoreInst = "m_axi">   --->   Core 121 'm_axi' <Latency = 0> <II = 1> <Delay = 1.00> <Adapter> <Opcode : 'read' 'write' 'readreq' 'writereq' 'writeresp'>

State 9 <SV = 8> <Delay = 2.43>
ST_9 : Operation 124 [32/38] (2.43ns)   --->   "%empty = readreq i1 @_ssdm_op_ReadReq.m_axi.p1i32, i32 %gmem0_addr, i32 %zext_ln145" [top.cpp:145]   --->   Operation 124 'readreq' 'empty' <Predicate = true> <Delay = 2.43> <CoreInst = "m_axi">   --->   Core 121 'm_axi' <Latency = 0> <II = 1> <Delay = 1.00> <Adapter> <Opcode : 'read' 'write' 'readreq' 'writereq' 'writeresp'>
ST_9 : Operation 125 [32/38] (2.43ns)   --->   "%empty_41 = readreq i1 @_ssdm_op_ReadReq.m_axi.p1i32, i32 %gmem1_addr, i32 %zext_ln154" [top.cpp:154]   --->   Operation 125 'readreq' 'empty_41' <Predicate = true> <Delay = 2.43> <CoreInst = "m_axi">   --->   Core 121 'm_axi' <Latency = 0> <II = 1> <Delay = 1.00> <Adapter> <Opcode : 'read' 'write' 'readreq' 'writereq' 'writeresp'>

State 10 <SV = 9> <Delay = 2.43>
ST_10 : Operation 126 [31/38] (2.43ns)   --->   "%empty = readreq i1 @_ssdm_op_ReadReq.m_axi.p1i32, i32 %gmem0_addr, i32 %zext_ln145" [top.cpp:145]   --->   Operation 126 'readreq' 'empty' <Predicate = true> <Delay = 2.43> <CoreInst = "m_axi">   --->   Core 121 'm_axi' <Latency = 0> <II = 1> <Delay = 1.00> <Adapter> <Opcode : 'read' 'write' 'readreq' 'writereq' 'writeresp'>
ST_10 : Operation 127 [31/38] (2.43ns)   --->   "%empty_41 = readreq i1 @_ssdm_op_ReadReq.m_axi.p1i32, i32 %gmem1_addr, i32 %zext_ln154" [top.cpp:154]   --->   Operation 127 'readreq' 'empty_41' <Predicate = true> <Delay = 2.43> <CoreInst = "m_axi">   --->   Core 121 'm_axi' <Latency = 0> <II = 1> <Delay = 1.00> <Adapter> <Opcode : 'read' 'write' 'readreq' 'writereq' 'writeresp'>

State 11 <SV = 10> <Delay = 2.43>
ST_11 : Operation 128 [30/38] (2.43ns)   --->   "%empty = readreq i1 @_ssdm_op_ReadReq.m_axi.p1i32, i32 %gmem0_addr, i32 %zext_ln145" [top.cpp:145]   --->   Operation 128 'readreq' 'empty' <Predicate = true> <Delay = 2.43> <CoreInst = "m_axi">   --->   Core 121 'm_axi' <Latency = 0> <II = 1> <Delay = 1.00> <Adapter> <Opcode : 'read' 'write' 'readreq' 'writereq' 'writeresp'>
ST_11 : Operation 129 [30/38] (2.43ns)   --->   "%empty_41 = readreq i1 @_ssdm_op_ReadReq.m_axi.p1i32, i32 %gmem1_addr, i32 %zext_ln154" [top.cpp:154]   --->   Operation 129 'readreq' 'empty_41' <Predicate = true> <Delay = 2.43> <CoreInst = "m_axi">   --->   Core 121 'm_axi' <Latency = 0> <II = 1> <Delay = 1.00> <Adapter> <Opcode : 'read' 'write' 'readreq' 'writereq' 'writeresp'>

State 12 <SV = 11> <Delay = 2.43>
ST_12 : Operation 130 [29/38] (2.43ns)   --->   "%empty = readreq i1 @_ssdm_op_ReadReq.m_axi.p1i32, i32 %gmem0_addr, i32 %zext_ln145" [top.cpp:145]   --->   Operation 130 'readreq' 'empty' <Predicate = true> <Delay = 2.43> <CoreInst = "m_axi">   --->   Core 121 'm_axi' <Latency = 0> <II = 1> <Delay = 1.00> <Adapter> <Opcode : 'read' 'write' 'readreq' 'writereq' 'writeresp'>
ST_12 : Operation 131 [29/38] (2.43ns)   --->   "%empty_41 = readreq i1 @_ssdm_op_ReadReq.m_axi.p1i32, i32 %gmem1_addr, i32 %zext_ln154" [top.cpp:154]   --->   Operation 131 'readreq' 'empty_41' <Predicate = true> <Delay = 2.43> <CoreInst = "m_axi">   --->   Core 121 'm_axi' <Latency = 0> <II = 1> <Delay = 1.00> <Adapter> <Opcode : 'read' 'write' 'readreq' 'writereq' 'writeresp'>

State 13 <SV = 12> <Delay = 2.43>
ST_13 : Operation 132 [28/38] (2.43ns)   --->   "%empty = readreq i1 @_ssdm_op_ReadReq.m_axi.p1i32, i32 %gmem0_addr, i32 %zext_ln145" [top.cpp:145]   --->   Operation 132 'readreq' 'empty' <Predicate = true> <Delay = 2.43> <CoreInst = "m_axi">   --->   Core 121 'm_axi' <Latency = 0> <II = 1> <Delay = 1.00> <Adapter> <Opcode : 'read' 'write' 'readreq' 'writereq' 'writeresp'>
ST_13 : Operation 133 [28/38] (2.43ns)   --->   "%empty_41 = readreq i1 @_ssdm_op_ReadReq.m_axi.p1i32, i32 %gmem1_addr, i32 %zext_ln154" [top.cpp:154]   --->   Operation 133 'readreq' 'empty_41' <Predicate = true> <Delay = 2.43> <CoreInst = "m_axi">   --->   Core 121 'm_axi' <Latency = 0> <II = 1> <Delay = 1.00> <Adapter> <Opcode : 'read' 'write' 'readreq' 'writereq' 'writeresp'>

State 14 <SV = 13> <Delay = 2.43>
ST_14 : Operation 134 [27/38] (2.43ns)   --->   "%empty = readreq i1 @_ssdm_op_ReadReq.m_axi.p1i32, i32 %gmem0_addr, i32 %zext_ln145" [top.cpp:145]   --->   Operation 134 'readreq' 'empty' <Predicate = true> <Delay = 2.43> <CoreInst = "m_axi">   --->   Core 121 'm_axi' <Latency = 0> <II = 1> <Delay = 1.00> <Adapter> <Opcode : 'read' 'write' 'readreq' 'writereq' 'writeresp'>
ST_14 : Operation 135 [27/38] (2.43ns)   --->   "%empty_41 = readreq i1 @_ssdm_op_ReadReq.m_axi.p1i32, i32 %gmem1_addr, i32 %zext_ln154" [top.cpp:154]   --->   Operation 135 'readreq' 'empty_41' <Predicate = true> <Delay = 2.43> <CoreInst = "m_axi">   --->   Core 121 'm_axi' <Latency = 0> <II = 1> <Delay = 1.00> <Adapter> <Opcode : 'read' 'write' 'readreq' 'writereq' 'writeresp'>

State 15 <SV = 14> <Delay = 2.43>
ST_15 : Operation 136 [26/38] (2.43ns)   --->   "%empty = readreq i1 @_ssdm_op_ReadReq.m_axi.p1i32, i32 %gmem0_addr, i32 %zext_ln145" [top.cpp:145]   --->   Operation 136 'readreq' 'empty' <Predicate = true> <Delay = 2.43> <CoreInst = "m_axi">   --->   Core 121 'm_axi' <Latency = 0> <II = 1> <Delay = 1.00> <Adapter> <Opcode : 'read' 'write' 'readreq' 'writereq' 'writeresp'>
ST_15 : Operation 137 [26/38] (2.43ns)   --->   "%empty_41 = readreq i1 @_ssdm_op_ReadReq.m_axi.p1i32, i32 %gmem1_addr, i32 %zext_ln154" [top.cpp:154]   --->   Operation 137 'readreq' 'empty_41' <Predicate = true> <Delay = 2.43> <CoreInst = "m_axi">   --->   Core 121 'm_axi' <Latency = 0> <II = 1> <Delay = 1.00> <Adapter> <Opcode : 'read' 'write' 'readreq' 'writereq' 'writeresp'>

State 16 <SV = 15> <Delay = 2.43>
ST_16 : Operation 138 [25/38] (2.43ns)   --->   "%empty = readreq i1 @_ssdm_op_ReadReq.m_axi.p1i32, i32 %gmem0_addr, i32 %zext_ln145" [top.cpp:145]   --->   Operation 138 'readreq' 'empty' <Predicate = true> <Delay = 2.43> <CoreInst = "m_axi">   --->   Core 121 'm_axi' <Latency = 0> <II = 1> <Delay = 1.00> <Adapter> <Opcode : 'read' 'write' 'readreq' 'writereq' 'writeresp'>
ST_16 : Operation 139 [25/38] (2.43ns)   --->   "%empty_41 = readreq i1 @_ssdm_op_ReadReq.m_axi.p1i32, i32 %gmem1_addr, i32 %zext_ln154" [top.cpp:154]   --->   Operation 139 'readreq' 'empty_41' <Predicate = true> <Delay = 2.43> <CoreInst = "m_axi">   --->   Core 121 'm_axi' <Latency = 0> <II = 1> <Delay = 1.00> <Adapter> <Opcode : 'read' 'write' 'readreq' 'writereq' 'writeresp'>

State 17 <SV = 16> <Delay = 2.43>
ST_17 : Operation 140 [24/38] (2.43ns)   --->   "%empty = readreq i1 @_ssdm_op_ReadReq.m_axi.p1i32, i32 %gmem0_addr, i32 %zext_ln145" [top.cpp:145]   --->   Operation 140 'readreq' 'empty' <Predicate = true> <Delay = 2.43> <CoreInst = "m_axi">   --->   Core 121 'm_axi' <Latency = 0> <II = 1> <Delay = 1.00> <Adapter> <Opcode : 'read' 'write' 'readreq' 'writereq' 'writeresp'>
ST_17 : Operation 141 [24/38] (2.43ns)   --->   "%empty_41 = readreq i1 @_ssdm_op_ReadReq.m_axi.p1i32, i32 %gmem1_addr, i32 %zext_ln154" [top.cpp:154]   --->   Operation 141 'readreq' 'empty_41' <Predicate = true> <Delay = 2.43> <CoreInst = "m_axi">   --->   Core 121 'm_axi' <Latency = 0> <II = 1> <Delay = 1.00> <Adapter> <Opcode : 'read' 'write' 'readreq' 'writereq' 'writeresp'>

State 18 <SV = 17> <Delay = 2.43>
ST_18 : Operation 142 [23/38] (2.43ns)   --->   "%empty = readreq i1 @_ssdm_op_ReadReq.m_axi.p1i32, i32 %gmem0_addr, i32 %zext_ln145" [top.cpp:145]   --->   Operation 142 'readreq' 'empty' <Predicate = true> <Delay = 2.43> <CoreInst = "m_axi">   --->   Core 121 'm_axi' <Latency = 0> <II = 1> <Delay = 1.00> <Adapter> <Opcode : 'read' 'write' 'readreq' 'writereq' 'writeresp'>
ST_18 : Operation 143 [23/38] (2.43ns)   --->   "%empty_41 = readreq i1 @_ssdm_op_ReadReq.m_axi.p1i32, i32 %gmem1_addr, i32 %zext_ln154" [top.cpp:154]   --->   Operation 143 'readreq' 'empty_41' <Predicate = true> <Delay = 2.43> <CoreInst = "m_axi">   --->   Core 121 'm_axi' <Latency = 0> <II = 1> <Delay = 1.00> <Adapter> <Opcode : 'read' 'write' 'readreq' 'writereq' 'writeresp'>

State 19 <SV = 18> <Delay = 2.43>
ST_19 : Operation 144 [22/38] (2.43ns)   --->   "%empty = readreq i1 @_ssdm_op_ReadReq.m_axi.p1i32, i32 %gmem0_addr, i32 %zext_ln145" [top.cpp:145]   --->   Operation 144 'readreq' 'empty' <Predicate = true> <Delay = 2.43> <CoreInst = "m_axi">   --->   Core 121 'm_axi' <Latency = 0> <II = 1> <Delay = 1.00> <Adapter> <Opcode : 'read' 'write' 'readreq' 'writereq' 'writeresp'>
ST_19 : Operation 145 [22/38] (2.43ns)   --->   "%empty_41 = readreq i1 @_ssdm_op_ReadReq.m_axi.p1i32, i32 %gmem1_addr, i32 %zext_ln154" [top.cpp:154]   --->   Operation 145 'readreq' 'empty_41' <Predicate = true> <Delay = 2.43> <CoreInst = "m_axi">   --->   Core 121 'm_axi' <Latency = 0> <II = 1> <Delay = 1.00> <Adapter> <Opcode : 'read' 'write' 'readreq' 'writereq' 'writeresp'>

State 20 <SV = 19> <Delay = 2.43>
ST_20 : Operation 146 [21/38] (2.43ns)   --->   "%empty = readreq i1 @_ssdm_op_ReadReq.m_axi.p1i32, i32 %gmem0_addr, i32 %zext_ln145" [top.cpp:145]   --->   Operation 146 'readreq' 'empty' <Predicate = true> <Delay = 2.43> <CoreInst = "m_axi">   --->   Core 121 'm_axi' <Latency = 0> <II = 1> <Delay = 1.00> <Adapter> <Opcode : 'read' 'write' 'readreq' 'writereq' 'writeresp'>
ST_20 : Operation 147 [21/38] (2.43ns)   --->   "%empty_41 = readreq i1 @_ssdm_op_ReadReq.m_axi.p1i32, i32 %gmem1_addr, i32 %zext_ln154" [top.cpp:154]   --->   Operation 147 'readreq' 'empty_41' <Predicate = true> <Delay = 2.43> <CoreInst = "m_axi">   --->   Core 121 'm_axi' <Latency = 0> <II = 1> <Delay = 1.00> <Adapter> <Opcode : 'read' 'write' 'readreq' 'writereq' 'writeresp'>

State 21 <SV = 20> <Delay = 2.43>
ST_21 : Operation 148 [20/38] (2.43ns)   --->   "%empty = readreq i1 @_ssdm_op_ReadReq.m_axi.p1i32, i32 %gmem0_addr, i32 %zext_ln145" [top.cpp:145]   --->   Operation 148 'readreq' 'empty' <Predicate = true> <Delay = 2.43> <CoreInst = "m_axi">   --->   Core 121 'm_axi' <Latency = 0> <II = 1> <Delay = 1.00> <Adapter> <Opcode : 'read' 'write' 'readreq' 'writereq' 'writeresp'>
ST_21 : Operation 149 [20/38] (2.43ns)   --->   "%empty_41 = readreq i1 @_ssdm_op_ReadReq.m_axi.p1i32, i32 %gmem1_addr, i32 %zext_ln154" [top.cpp:154]   --->   Operation 149 'readreq' 'empty_41' <Predicate = true> <Delay = 2.43> <CoreInst = "m_axi">   --->   Core 121 'm_axi' <Latency = 0> <II = 1> <Delay = 1.00> <Adapter> <Opcode : 'read' 'write' 'readreq' 'writereq' 'writeresp'>

State 22 <SV = 21> <Delay = 2.43>
ST_22 : Operation 150 [19/38] (2.43ns)   --->   "%empty = readreq i1 @_ssdm_op_ReadReq.m_axi.p1i32, i32 %gmem0_addr, i32 %zext_ln145" [top.cpp:145]   --->   Operation 150 'readreq' 'empty' <Predicate = true> <Delay = 2.43> <CoreInst = "m_axi">   --->   Core 121 'm_axi' <Latency = 0> <II = 1> <Delay = 1.00> <Adapter> <Opcode : 'read' 'write' 'readreq' 'writereq' 'writeresp'>
ST_22 : Operation 151 [19/38] (2.43ns)   --->   "%empty_41 = readreq i1 @_ssdm_op_ReadReq.m_axi.p1i32, i32 %gmem1_addr, i32 %zext_ln154" [top.cpp:154]   --->   Operation 151 'readreq' 'empty_41' <Predicate = true> <Delay = 2.43> <CoreInst = "m_axi">   --->   Core 121 'm_axi' <Latency = 0> <II = 1> <Delay = 1.00> <Adapter> <Opcode : 'read' 'write' 'readreq' 'writereq' 'writeresp'>

State 23 <SV = 22> <Delay = 2.43>
ST_23 : Operation 152 [18/38] (2.43ns)   --->   "%empty = readreq i1 @_ssdm_op_ReadReq.m_axi.p1i32, i32 %gmem0_addr, i32 %zext_ln145" [top.cpp:145]   --->   Operation 152 'readreq' 'empty' <Predicate = true> <Delay = 2.43> <CoreInst = "m_axi">   --->   Core 121 'm_axi' <Latency = 0> <II = 1> <Delay = 1.00> <Adapter> <Opcode : 'read' 'write' 'readreq' 'writereq' 'writeresp'>
ST_23 : Operation 153 [18/38] (2.43ns)   --->   "%empty_41 = readreq i1 @_ssdm_op_ReadReq.m_axi.p1i32, i32 %gmem1_addr, i32 %zext_ln154" [top.cpp:154]   --->   Operation 153 'readreq' 'empty_41' <Predicate = true> <Delay = 2.43> <CoreInst = "m_axi">   --->   Core 121 'm_axi' <Latency = 0> <II = 1> <Delay = 1.00> <Adapter> <Opcode : 'read' 'write' 'readreq' 'writereq' 'writeresp'>

State 24 <SV = 23> <Delay = 2.43>
ST_24 : Operation 154 [17/38] (2.43ns)   --->   "%empty = readreq i1 @_ssdm_op_ReadReq.m_axi.p1i32, i32 %gmem0_addr, i32 %zext_ln145" [top.cpp:145]   --->   Operation 154 'readreq' 'empty' <Predicate = true> <Delay = 2.43> <CoreInst = "m_axi">   --->   Core 121 'm_axi' <Latency = 0> <II = 1> <Delay = 1.00> <Adapter> <Opcode : 'read' 'write' 'readreq' 'writereq' 'writeresp'>
ST_24 : Operation 155 [17/38] (2.43ns)   --->   "%empty_41 = readreq i1 @_ssdm_op_ReadReq.m_axi.p1i32, i32 %gmem1_addr, i32 %zext_ln154" [top.cpp:154]   --->   Operation 155 'readreq' 'empty_41' <Predicate = true> <Delay = 2.43> <CoreInst = "m_axi">   --->   Core 121 'm_axi' <Latency = 0> <II = 1> <Delay = 1.00> <Adapter> <Opcode : 'read' 'write' 'readreq' 'writereq' 'writeresp'>

State 25 <SV = 24> <Delay = 2.43>
ST_25 : Operation 156 [16/38] (2.43ns)   --->   "%empty = readreq i1 @_ssdm_op_ReadReq.m_axi.p1i32, i32 %gmem0_addr, i32 %zext_ln145" [top.cpp:145]   --->   Operation 156 'readreq' 'empty' <Predicate = true> <Delay = 2.43> <CoreInst = "m_axi">   --->   Core 121 'm_axi' <Latency = 0> <II = 1> <Delay = 1.00> <Adapter> <Opcode : 'read' 'write' 'readreq' 'writereq' 'writeresp'>
ST_25 : Operation 157 [16/38] (2.43ns)   --->   "%empty_41 = readreq i1 @_ssdm_op_ReadReq.m_axi.p1i32, i32 %gmem1_addr, i32 %zext_ln154" [top.cpp:154]   --->   Operation 157 'readreq' 'empty_41' <Predicate = true> <Delay = 2.43> <CoreInst = "m_axi">   --->   Core 121 'm_axi' <Latency = 0> <II = 1> <Delay = 1.00> <Adapter> <Opcode : 'read' 'write' 'readreq' 'writereq' 'writeresp'>

State 26 <SV = 25> <Delay = 2.43>
ST_26 : Operation 158 [15/38] (2.43ns)   --->   "%empty = readreq i1 @_ssdm_op_ReadReq.m_axi.p1i32, i32 %gmem0_addr, i32 %zext_ln145" [top.cpp:145]   --->   Operation 158 'readreq' 'empty' <Predicate = true> <Delay = 2.43> <CoreInst = "m_axi">   --->   Core 121 'm_axi' <Latency = 0> <II = 1> <Delay = 1.00> <Adapter> <Opcode : 'read' 'write' 'readreq' 'writereq' 'writeresp'>
ST_26 : Operation 159 [15/38] (2.43ns)   --->   "%empty_41 = readreq i1 @_ssdm_op_ReadReq.m_axi.p1i32, i32 %gmem1_addr, i32 %zext_ln154" [top.cpp:154]   --->   Operation 159 'readreq' 'empty_41' <Predicate = true> <Delay = 2.43> <CoreInst = "m_axi">   --->   Core 121 'm_axi' <Latency = 0> <II = 1> <Delay = 1.00> <Adapter> <Opcode : 'read' 'write' 'readreq' 'writereq' 'writeresp'>

State 27 <SV = 26> <Delay = 2.43>
ST_27 : Operation 160 [14/38] (2.43ns)   --->   "%empty = readreq i1 @_ssdm_op_ReadReq.m_axi.p1i32, i32 %gmem0_addr, i32 %zext_ln145" [top.cpp:145]   --->   Operation 160 'readreq' 'empty' <Predicate = true> <Delay = 2.43> <CoreInst = "m_axi">   --->   Core 121 'm_axi' <Latency = 0> <II = 1> <Delay = 1.00> <Adapter> <Opcode : 'read' 'write' 'readreq' 'writereq' 'writeresp'>
ST_27 : Operation 161 [14/38] (2.43ns)   --->   "%empty_41 = readreq i1 @_ssdm_op_ReadReq.m_axi.p1i32, i32 %gmem1_addr, i32 %zext_ln154" [top.cpp:154]   --->   Operation 161 'readreq' 'empty_41' <Predicate = true> <Delay = 2.43> <CoreInst = "m_axi">   --->   Core 121 'm_axi' <Latency = 0> <II = 1> <Delay = 1.00> <Adapter> <Opcode : 'read' 'write' 'readreq' 'writereq' 'writeresp'>

State 28 <SV = 27> <Delay = 2.43>
ST_28 : Operation 162 [13/38] (2.43ns)   --->   "%empty = readreq i1 @_ssdm_op_ReadReq.m_axi.p1i32, i32 %gmem0_addr, i32 %zext_ln145" [top.cpp:145]   --->   Operation 162 'readreq' 'empty' <Predicate = true> <Delay = 2.43> <CoreInst = "m_axi">   --->   Core 121 'm_axi' <Latency = 0> <II = 1> <Delay = 1.00> <Adapter> <Opcode : 'read' 'write' 'readreq' 'writereq' 'writeresp'>
ST_28 : Operation 163 [13/38] (2.43ns)   --->   "%empty_41 = readreq i1 @_ssdm_op_ReadReq.m_axi.p1i32, i32 %gmem1_addr, i32 %zext_ln154" [top.cpp:154]   --->   Operation 163 'readreq' 'empty_41' <Predicate = true> <Delay = 2.43> <CoreInst = "m_axi">   --->   Core 121 'm_axi' <Latency = 0> <II = 1> <Delay = 1.00> <Adapter> <Opcode : 'read' 'write' 'readreq' 'writereq' 'writeresp'>

State 29 <SV = 28> <Delay = 2.43>
ST_29 : Operation 164 [12/38] (2.43ns)   --->   "%empty = readreq i1 @_ssdm_op_ReadReq.m_axi.p1i32, i32 %gmem0_addr, i32 %zext_ln145" [top.cpp:145]   --->   Operation 164 'readreq' 'empty' <Predicate = true> <Delay = 2.43> <CoreInst = "m_axi">   --->   Core 121 'm_axi' <Latency = 0> <II = 1> <Delay = 1.00> <Adapter> <Opcode : 'read' 'write' 'readreq' 'writereq' 'writeresp'>
ST_29 : Operation 165 [12/38] (2.43ns)   --->   "%empty_41 = readreq i1 @_ssdm_op_ReadReq.m_axi.p1i32, i32 %gmem1_addr, i32 %zext_ln154" [top.cpp:154]   --->   Operation 165 'readreq' 'empty_41' <Predicate = true> <Delay = 2.43> <CoreInst = "m_axi">   --->   Core 121 'm_axi' <Latency = 0> <II = 1> <Delay = 1.00> <Adapter> <Opcode : 'read' 'write' 'readreq' 'writereq' 'writeresp'>

State 30 <SV = 29> <Delay = 2.43>
ST_30 : Operation 166 [11/38] (2.43ns)   --->   "%empty = readreq i1 @_ssdm_op_ReadReq.m_axi.p1i32, i32 %gmem0_addr, i32 %zext_ln145" [top.cpp:145]   --->   Operation 166 'readreq' 'empty' <Predicate = true> <Delay = 2.43> <CoreInst = "m_axi">   --->   Core 121 'm_axi' <Latency = 0> <II = 1> <Delay = 1.00> <Adapter> <Opcode : 'read' 'write' 'readreq' 'writereq' 'writeresp'>
ST_30 : Operation 167 [11/38] (2.43ns)   --->   "%empty_41 = readreq i1 @_ssdm_op_ReadReq.m_axi.p1i32, i32 %gmem1_addr, i32 %zext_ln154" [top.cpp:154]   --->   Operation 167 'readreq' 'empty_41' <Predicate = true> <Delay = 2.43> <CoreInst = "m_axi">   --->   Core 121 'm_axi' <Latency = 0> <II = 1> <Delay = 1.00> <Adapter> <Opcode : 'read' 'write' 'readreq' 'writereq' 'writeresp'>

State 31 <SV = 30> <Delay = 2.43>
ST_31 : Operation 168 [10/38] (2.43ns)   --->   "%empty = readreq i1 @_ssdm_op_ReadReq.m_axi.p1i32, i32 %gmem0_addr, i32 %zext_ln145" [top.cpp:145]   --->   Operation 168 'readreq' 'empty' <Predicate = true> <Delay = 2.43> <CoreInst = "m_axi">   --->   Core 121 'm_axi' <Latency = 0> <II = 1> <Delay = 1.00> <Adapter> <Opcode : 'read' 'write' 'readreq' 'writereq' 'writeresp'>
ST_31 : Operation 169 [10/38] (2.43ns)   --->   "%empty_41 = readreq i1 @_ssdm_op_ReadReq.m_axi.p1i32, i32 %gmem1_addr, i32 %zext_ln154" [top.cpp:154]   --->   Operation 169 'readreq' 'empty_41' <Predicate = true> <Delay = 2.43> <CoreInst = "m_axi">   --->   Core 121 'm_axi' <Latency = 0> <II = 1> <Delay = 1.00> <Adapter> <Opcode : 'read' 'write' 'readreq' 'writereq' 'writeresp'>

State 32 <SV = 31> <Delay = 2.43>
ST_32 : Operation 170 [9/38] (2.43ns)   --->   "%empty = readreq i1 @_ssdm_op_ReadReq.m_axi.p1i32, i32 %gmem0_addr, i32 %zext_ln145" [top.cpp:145]   --->   Operation 170 'readreq' 'empty' <Predicate = true> <Delay = 2.43> <CoreInst = "m_axi">   --->   Core 121 'm_axi' <Latency = 0> <II = 1> <Delay = 1.00> <Adapter> <Opcode : 'read' 'write' 'readreq' 'writereq' 'writeresp'>
ST_32 : Operation 171 [9/38] (2.43ns)   --->   "%empty_41 = readreq i1 @_ssdm_op_ReadReq.m_axi.p1i32, i32 %gmem1_addr, i32 %zext_ln154" [top.cpp:154]   --->   Operation 171 'readreq' 'empty_41' <Predicate = true> <Delay = 2.43> <CoreInst = "m_axi">   --->   Core 121 'm_axi' <Latency = 0> <II = 1> <Delay = 1.00> <Adapter> <Opcode : 'read' 'write' 'readreq' 'writereq' 'writeresp'>

State 33 <SV = 32> <Delay = 2.43>
ST_33 : Operation 172 [8/38] (2.43ns)   --->   "%empty = readreq i1 @_ssdm_op_ReadReq.m_axi.p1i32, i32 %gmem0_addr, i32 %zext_ln145" [top.cpp:145]   --->   Operation 172 'readreq' 'empty' <Predicate = true> <Delay = 2.43> <CoreInst = "m_axi">   --->   Core 121 'm_axi' <Latency = 0> <II = 1> <Delay = 1.00> <Adapter> <Opcode : 'read' 'write' 'readreq' 'writereq' 'writeresp'>
ST_33 : Operation 173 [8/38] (2.43ns)   --->   "%empty_41 = readreq i1 @_ssdm_op_ReadReq.m_axi.p1i32, i32 %gmem1_addr, i32 %zext_ln154" [top.cpp:154]   --->   Operation 173 'readreq' 'empty_41' <Predicate = true> <Delay = 2.43> <CoreInst = "m_axi">   --->   Core 121 'm_axi' <Latency = 0> <II = 1> <Delay = 1.00> <Adapter> <Opcode : 'read' 'write' 'readreq' 'writereq' 'writeresp'>

State 34 <SV = 33> <Delay = 2.43>
ST_34 : Operation 174 [7/38] (2.43ns)   --->   "%empty = readreq i1 @_ssdm_op_ReadReq.m_axi.p1i32, i32 %gmem0_addr, i32 %zext_ln145" [top.cpp:145]   --->   Operation 174 'readreq' 'empty' <Predicate = true> <Delay = 2.43> <CoreInst = "m_axi">   --->   Core 121 'm_axi' <Latency = 0> <II = 1> <Delay = 1.00> <Adapter> <Opcode : 'read' 'write' 'readreq' 'writereq' 'writeresp'>
ST_34 : Operation 175 [7/38] (2.43ns)   --->   "%empty_41 = readreq i1 @_ssdm_op_ReadReq.m_axi.p1i32, i32 %gmem1_addr, i32 %zext_ln154" [top.cpp:154]   --->   Operation 175 'readreq' 'empty_41' <Predicate = true> <Delay = 2.43> <CoreInst = "m_axi">   --->   Core 121 'm_axi' <Latency = 0> <II = 1> <Delay = 1.00> <Adapter> <Opcode : 'read' 'write' 'readreq' 'writereq' 'writeresp'>

State 35 <SV = 34> <Delay = 2.43>
ST_35 : Operation 176 [6/38] (2.43ns)   --->   "%empty = readreq i1 @_ssdm_op_ReadReq.m_axi.p1i32, i32 %gmem0_addr, i32 %zext_ln145" [top.cpp:145]   --->   Operation 176 'readreq' 'empty' <Predicate = true> <Delay = 2.43> <CoreInst = "m_axi">   --->   Core 121 'm_axi' <Latency = 0> <II = 1> <Delay = 1.00> <Adapter> <Opcode : 'read' 'write' 'readreq' 'writereq' 'writeresp'>
ST_35 : Operation 177 [6/38] (2.43ns)   --->   "%empty_41 = readreq i1 @_ssdm_op_ReadReq.m_axi.p1i32, i32 %gmem1_addr, i32 %zext_ln154" [top.cpp:154]   --->   Operation 177 'readreq' 'empty_41' <Predicate = true> <Delay = 2.43> <CoreInst = "m_axi">   --->   Core 121 'm_axi' <Latency = 0> <II = 1> <Delay = 1.00> <Adapter> <Opcode : 'read' 'write' 'readreq' 'writereq' 'writeresp'>

State 36 <SV = 35> <Delay = 2.43>
ST_36 : Operation 178 [5/38] (2.43ns)   --->   "%empty = readreq i1 @_ssdm_op_ReadReq.m_axi.p1i32, i32 %gmem0_addr, i32 %zext_ln145" [top.cpp:145]   --->   Operation 178 'readreq' 'empty' <Predicate = true> <Delay = 2.43> <CoreInst = "m_axi">   --->   Core 121 'm_axi' <Latency = 0> <II = 1> <Delay = 1.00> <Adapter> <Opcode : 'read' 'write' 'readreq' 'writereq' 'writeresp'>
ST_36 : Operation 179 [5/38] (2.43ns)   --->   "%empty_41 = readreq i1 @_ssdm_op_ReadReq.m_axi.p1i32, i32 %gmem1_addr, i32 %zext_ln154" [top.cpp:154]   --->   Operation 179 'readreq' 'empty_41' <Predicate = true> <Delay = 2.43> <CoreInst = "m_axi">   --->   Core 121 'm_axi' <Latency = 0> <II = 1> <Delay = 1.00> <Adapter> <Opcode : 'read' 'write' 'readreq' 'writereq' 'writeresp'>

State 37 <SV = 36> <Delay = 2.43>
ST_37 : Operation 180 [4/38] (2.43ns)   --->   "%empty = readreq i1 @_ssdm_op_ReadReq.m_axi.p1i32, i32 %gmem0_addr, i32 %zext_ln145" [top.cpp:145]   --->   Operation 180 'readreq' 'empty' <Predicate = true> <Delay = 2.43> <CoreInst = "m_axi">   --->   Core 121 'm_axi' <Latency = 0> <II = 1> <Delay = 1.00> <Adapter> <Opcode : 'read' 'write' 'readreq' 'writereq' 'writeresp'>
ST_37 : Operation 181 [4/38] (2.43ns)   --->   "%empty_41 = readreq i1 @_ssdm_op_ReadReq.m_axi.p1i32, i32 %gmem1_addr, i32 %zext_ln154" [top.cpp:154]   --->   Operation 181 'readreq' 'empty_41' <Predicate = true> <Delay = 2.43> <CoreInst = "m_axi">   --->   Core 121 'm_axi' <Latency = 0> <II = 1> <Delay = 1.00> <Adapter> <Opcode : 'read' 'write' 'readreq' 'writereq' 'writeresp'>

State 38 <SV = 37> <Delay = 2.43>
ST_38 : Operation 182 [3/38] (2.43ns)   --->   "%empty = readreq i1 @_ssdm_op_ReadReq.m_axi.p1i32, i32 %gmem0_addr, i32 %zext_ln145" [top.cpp:145]   --->   Operation 182 'readreq' 'empty' <Predicate = true> <Delay = 2.43> <CoreInst = "m_axi">   --->   Core 121 'm_axi' <Latency = 0> <II = 1> <Delay = 1.00> <Adapter> <Opcode : 'read' 'write' 'readreq' 'writereq' 'writeresp'>
ST_38 : Operation 183 [3/38] (2.43ns)   --->   "%empty_41 = readreq i1 @_ssdm_op_ReadReq.m_axi.p1i32, i32 %gmem1_addr, i32 %zext_ln154" [top.cpp:154]   --->   Operation 183 'readreq' 'empty_41' <Predicate = true> <Delay = 2.43> <CoreInst = "m_axi">   --->   Core 121 'm_axi' <Latency = 0> <II = 1> <Delay = 1.00> <Adapter> <Opcode : 'read' 'write' 'readreq' 'writereq' 'writeresp'>

State 39 <SV = 38> <Delay = 2.43>
ST_39 : Operation 184 [2/38] (2.43ns)   --->   "%empty = readreq i1 @_ssdm_op_ReadReq.m_axi.p1i32, i32 %gmem0_addr, i32 %zext_ln145" [top.cpp:145]   --->   Operation 184 'readreq' 'empty' <Predicate = true> <Delay = 2.43> <CoreInst = "m_axi">   --->   Core 121 'm_axi' <Latency = 0> <II = 1> <Delay = 1.00> <Adapter> <Opcode : 'read' 'write' 'readreq' 'writereq' 'writeresp'>
ST_39 : Operation 185 [2/38] (2.43ns)   --->   "%empty_41 = readreq i1 @_ssdm_op_ReadReq.m_axi.p1i32, i32 %gmem1_addr, i32 %zext_ln154" [top.cpp:154]   --->   Operation 185 'readreq' 'empty_41' <Predicate = true> <Delay = 2.43> <CoreInst = "m_axi">   --->   Core 121 'm_axi' <Latency = 0> <II = 1> <Delay = 1.00> <Adapter> <Opcode : 'read' 'write' 'readreq' 'writereq' 'writeresp'>

State 40 <SV = 39> <Delay = 2.43>
ST_40 : Operation 186 [1/38] (2.43ns)   --->   "%empty = readreq i1 @_ssdm_op_ReadReq.m_axi.p1i32, i32 %gmem0_addr, i32 %zext_ln145" [top.cpp:145]   --->   Operation 186 'readreq' 'empty' <Predicate = true> <Delay = 2.43> <CoreInst = "m_axi">   --->   Core 121 'm_axi' <Latency = 0> <II = 1> <Delay = 1.00> <Adapter> <Opcode : 'read' 'write' 'readreq' 'writereq' 'writeresp'>
ST_40 : Operation 187 [1/38] (2.43ns)   --->   "%empty_41 = readreq i1 @_ssdm_op_ReadReq.m_axi.p1i32, i32 %gmem1_addr, i32 %zext_ln154" [top.cpp:154]   --->   Operation 187 'readreq' 'empty_41' <Predicate = true> <Delay = 2.43> <CoreInst = "m_axi">   --->   Core 121 'm_axi' <Latency = 0> <II = 1> <Delay = 1.00> <Adapter> <Opcode : 'read' 'write' 'readreq' 'writereq' 'writeresp'>

State 41 <SV = 40> <Delay = 0.85>
ST_41 : Operation 188 [2/2] (0.85ns)   --->   "%call_ln145 = call void @dut_Pipeline_Store_vertice_loop, i32 %gmem0, i62 %trunc_ln, i32 %add, i32 %numVert_read, i16 %offset_buf, i32 %btwn_buf" [top.cpp:145]   --->   Operation 188 'call' 'call_ln145' <Predicate = true> <Delay = 0.85> <CoreType = "Generic">   --->   Core 0 '' <Latency = 0> <II = 1> <Delay = 1.00> <Generic> <Opcode : >
ST_41 : Operation 189 [2/2] (0.85ns)   --->   "%call_ln154 = call void @dut_Pipeline_Store_edge_loop, i32 %gmem1, i62 %trunc_ln1, i32 %numEdge_read, i16 %column_buf" [top.cpp:154]   --->   Operation 189 'call' 'call_ln154' <Predicate = true> <Delay = 0.85> <CoreType = "Generic">   --->   Core 0 '' <Latency = 0> <II = 1> <Delay = 1.00> <Generic> <Opcode : >

State 42 <SV = 41> <Delay = 0.00>
ST_42 : Operation 190 [1/1] (0.00ns)   --->   "%spectopmodule_ln6 = spectopmodule void @_ssdm_op_SpecTopModule, void @empty_15" [top.cpp:6]   --->   Operation 190 'spectopmodule' 'spectopmodule_ln6' <Predicate = true> <Delay = 0.00>
ST_42 : Operation 191 [1/1] (0.00ns)   --->   "%specinterface_ln6 = specinterface void @_ssdm_op_SpecInterface, i32 0, void @empty, i32 0, i32 0, void @empty_21, i32 0, i32 0, void @empty_21, void @empty_21, void @empty_21, i32 0, i32 0, i32 0, i32 0, void @empty_21, void @empty_21, i32 4294967295, i32 0" [top.cpp:6]   --->   Operation 191 'specinterface' 'specinterface_ln6' <Predicate = true> <Delay = 0.00>
ST_42 : Operation 192 [1/1] (0.00ns)   --->   "%specinterface_ln0 = specinterface void @_ssdm_op_SpecInterface, i32 %gmem0, void @empty_20, i32 0, i32 0, void @empty_21, i32 32, i32 100000, void @empty_22, void @empty_8, void @empty_21, i32 16, i32 1, i32 256, i32 2, void @empty_21, void @empty_21, i32 4294967295, i32 0"   --->   Operation 192 'specinterface' 'specinterface_ln0' <Predicate = true> <Delay = 0.00>
ST_42 : Operation 193 [1/1] (0.00ns)   --->   "%specbitsmap_ln0 = specbitsmap void @_ssdm_op_SpecBitsMap, i32 %gmem0"   --->   Operation 193 'specbitsmap' 'specbitsmap_ln0' <Predicate = true> <Delay = 0.00>
ST_42 : Operation 194 [1/1] (0.00ns)   --->   "%specinterface_ln0 = specinterface void @_ssdm_op_SpecInterface, i32 %gmem1, void @empty_20, i32 0, i32 0, void @empty_21, i32 32, i32 100000, void @empty_24, void @empty_8, void @empty_21, i32 16, i32 1, i32 256, i32 2, void @empty_21, void @empty_21, i32 4294967295, i32 0"   --->   Operation 194 'specinterface' 'specinterface_ln0' <Predicate = true> <Delay = 0.00>
ST_42 : Operation 195 [1/1] (0.00ns)   --->   "%specbitsmap_ln0 = specbitsmap void @_ssdm_op_SpecBitsMap, i32 %gmem1"   --->   Operation 195 'specbitsmap' 'specbitsmap_ln0' <Predicate = true> <Delay = 0.00>
ST_42 : Operation 196 [1/1] (0.00ns)   --->   "%specinterface_ln0 = specinterface void @_ssdm_op_SpecInterface, i32 %gmem3, void @empty_20, i32 0, i32 0, void @empty_21, i32 32, i32 100000, void @empty_7, void @empty_8, void @empty_21, i32 16, i32 1, i32 256, i32 2, void @empty_21, void @empty_21, i32 4294967295, i32 0"   --->   Operation 196 'specinterface' 'specinterface_ln0' <Predicate = true> <Delay = 0.00>
ST_42 : Operation 197 [1/1] (0.00ns)   --->   "%specbitsmap_ln0 = specbitsmap void @_ssdm_op_SpecBitsMap, i32 %gmem3"   --->   Operation 197 'specbitsmap' 'specbitsmap_ln0' <Predicate = true> <Delay = 0.00>
ST_42 : Operation 198 [1/1] (0.00ns)   --->   "%specinterface_ln0 = specinterface void @_ssdm_op_SpecInterface, i32 %gmem6, void @empty_20, i32 0, i32 0, void @empty_21, i32 32, i32 100000, void @empty_23, void @empty_8, void @empty_21, i32 16, i32 1, i32 256, i32 2, void @empty_21, void @empty_21, i32 4294967295, i32 0"   --->   Operation 198 'specinterface' 'specinterface_ln0' <Predicate = true> <Delay = 0.00>
ST_42 : Operation 199 [1/1] (0.00ns)   --->   "%specbitsmap_ln0 = specbitsmap void @_ssdm_op_SpecBitsMap, i32 %gmem6"   --->   Operation 199 'specbitsmap' 'specbitsmap_ln0' <Predicate = true> <Delay = 0.00>
ST_42 : Operation 200 [1/1] (0.00ns)   --->   "%specinterface_ln0 = specinterface void @_ssdm_op_SpecInterface, i32 %gmem7, void @empty_20, i32 0, i32 0, void @empty_21, i32 32, i32 100000, void @empty_16, void @empty_8, void @empty_21, i32 16, i32 1, i32 256, i32 2, void @empty_21, void @empty_21, i32 4294967295, i32 0"   --->   Operation 200 'specinterface' 'specinterface_ln0' <Predicate = true> <Delay = 0.00>
ST_42 : Operation 201 [1/1] (0.00ns)   --->   "%specbitsmap_ln0 = specbitsmap void @_ssdm_op_SpecBitsMap, i32 %gmem7"   --->   Operation 201 'specbitsmap' 'specbitsmap_ln0' <Predicate = true> <Delay = 0.00>
ST_42 : Operation 202 [1/1] (0.00ns)   --->   "%specinterface_ln0 = specinterface void @_ssdm_op_SpecInterface, i32 %gmem8, void @empty_20, i32 0, i32 0, void @empty_21, i32 32, i32 100000, void @empty_27, void @empty_8, void @empty_21, i32 16, i32 1, i32 256, i32 2, void @empty_21, void @empty_21, i32 4294967295, i32 0"   --->   Operation 202 'specinterface' 'specinterface_ln0' <Predicate = true> <Delay = 0.00>
ST_42 : Operation 203 [1/1] (0.00ns)   --->   "%specbitsmap_ln0 = specbitsmap void @_ssdm_op_SpecBitsMap, i32 %gmem8"   --->   Operation 203 'specbitsmap' 'specbitsmap_ln0' <Predicate = true> <Delay = 0.00>
ST_42 : Operation 204 [1/1] (0.00ns)   --->   "%specinterface_ln0 = specinterface void @_ssdm_op_SpecInterface, i32 %gmem9, void @empty_20, i32 0, i32 0, void @empty_21, i32 32, i32 100000, void @empty_26, void @empty_8, void @empty_21, i32 16, i32 1, i32 256, i32 2, void @empty_21, void @empty_21, i32 4294967295, i32 0"   --->   Operation 204 'specinterface' 'specinterface_ln0' <Predicate = true> <Delay = 0.00>
ST_42 : Operation 205 [1/1] (0.00ns)   --->   "%specbitsmap_ln0 = specbitsmap void @_ssdm_op_SpecBitsMap, i32 %gmem9"   --->   Operation 205 'specbitsmap' 'specbitsmap_ln0' <Predicate = true> <Delay = 0.00>
ST_42 : Operation 206 [1/1] (0.00ns)   --->   "%specbitsmap_ln0 = specbitsmap void @_ssdm_op_SpecBitsMap, i32 %numVert"   --->   Operation 206 'specbitsmap' 'specbitsmap_ln0' <Predicate = true> <Delay = 0.00>
ST_42 : Operation 207 [1/1] (0.00ns)   --->   "%specinterface_ln0 = specinterface void @_ssdm_op_SpecInterface, i32 %numVert, void @empty_4, i32 0, i32 0, void @empty_21, i32 0, i32 0, void @empty_5, void @empty_6, void @empty_21, i32 0, i32 0, i32 0, i32 0, void @empty_21, void @empty_21, i32 4294967295, i32 0"   --->   Operation 207 'specinterface' 'specinterface_ln0' <Predicate = true> <Delay = 0.00>
ST_42 : Operation 208 [1/1] (0.00ns)   --->   "%specinterface_ln0 = specinterface void @_ssdm_op_SpecInterface, i32 %numVert, void @empty_28, i32 0, i32 0, void @empty_21, i32 0, i32 0, void @empty_21, void @empty_21, void @empty_21, i32 0, i32 0, i32 0, i32 0, void @empty_21, void @empty_21, i32 4294967295, i32 0"   --->   Operation 208 'specinterface' 'specinterface_ln0' <Predicate = true> <Delay = 0.00>
ST_42 : Operation 209 [1/1] (0.00ns)   --->   "%specbitsmap_ln0 = specbitsmap void @_ssdm_op_SpecBitsMap, i32 %numEdge"   --->   Operation 209 'specbitsmap' 'specbitsmap_ln0' <Predicate = true> <Delay = 0.00>
ST_42 : Operation 210 [1/1] (0.00ns)   --->   "%specinterface_ln0 = specinterface void @_ssdm_op_SpecInterface, i32 %numEdge, void @empty_4, i32 0, i32 0, void @empty_21, i32 0, i32 0, void @empty_5, void @empty_19, void @empty_21, i32 0, i32 0, i32 0, i32 0, void @empty_21, void @empty_21, i32 4294967295, i32 0"   --->   Operation 210 'specinterface' 'specinterface_ln0' <Predicate = true> <Delay = 0.00>
ST_42 : Operation 211 [1/1] (0.00ns)   --->   "%specinterface_ln0 = specinterface void @_ssdm_op_SpecInterface, i32 %numEdge, void @empty_28, i32 0, i32 0, void @empty_21, i32 0, i32 0, void @empty_21, void @empty_21, void @empty_21, i32 0, i32 0, i32 0, i32 0, void @empty_21, void @empty_21, i32 4294967295, i32 0"   --->   Operation 211 'specinterface' 'specinterface_ln0' <Predicate = true> <Delay = 0.00>
ST_42 : Operation 212 [1/1] (0.00ns)   --->   "%specinterface_ln0 = specinterface void @_ssdm_op_SpecInterface, i64 %offset, void @empty_4, i32 0, i32 0, void @empty_21, i32 0, i32 0, void @empty_5, void @empty_3, void @empty_21, i32 0, i32 0, i32 0, i32 0, void @empty_21, void @empty_17, i32 4294967295, i32 0"   --->   Operation 212 'specinterface' 'specinterface_ln0' <Predicate = true> <Delay = 0.00>
ST_42 : Operation 213 [1/1] (0.00ns)   --->   "%specinterface_ln0 = specinterface void @_ssdm_op_SpecInterface, i64 %offset, void @empty_9, i32 0, i32 0, void @empty_21, i32 0, i32 0, void @empty_21, void @empty_21, void @empty_21, i32 0, i32 0, i32 0, i32 0, void @empty_21, void @empty_17, i32 4294967295, i32 0"   --->   Operation 213 'specinterface' 'specinterface_ln0' <Predicate = true> <Delay = 0.00>
ST_42 : Operation 214 [1/1] (0.00ns)   --->   "%specinterface_ln0 = specinterface void @_ssdm_op_SpecInterface, i64 %column, void @empty_4, i32 0, i32 0, void @empty_21, i32 0, i32 0, void @empty_5, void @empty_10, void @empty_21, i32 0, i32 0, i32 0, i32 0, void @empty_21, void @empty_17, i32 4294967295, i32 0"   --->   Operation 214 'specinterface' 'specinterface_ln0' <Predicate = true> <Delay = 0.00>
ST_42 : Operation 215 [1/1] (0.00ns)   --->   "%specinterface_ln0 = specinterface void @_ssdm_op_SpecInterface, i64 %column, void @empty_9, i32 0, i32 0, void @empty_21, i32 0, i32 0, void @empty_21, void @empty_21, void @empty_21, i32 0, i32 0, i32 0, i32 0, void @empty_21, void @empty_17, i32 4294967295, i32 0"   --->   Operation 215 'specinterface' 'specinterface_ln0' <Predicate = true> <Delay = 0.00>
ST_42 : Operation 216 [1/1] (0.00ns)   --->   "%specinterface_ln0 = specinterface void @_ssdm_op_SpecInterface, i64 %btwn, void @empty_4, i32 0, i32 0, void @empty_21, i32 0, i32 0, void @empty_5, void @empty_11, void @empty_21, i32 0, i32 0, i32 0, i32 0, void @empty_21, void @empty_17, i32 4294967295, i32 0"   --->   Operation 216 'specinterface' 'specinterface_ln0' <Predicate = true> <Delay = 0.00>
ST_42 : Operation 217 [1/1] (0.00ns)   --->   "%specinterface_ln0 = specinterface void @_ssdm_op_SpecInterface, i64 %btwn, void @empty_9, i32 0, i32 0, void @empty_21, i32 0, i32 0, void @empty_21, void @empty_21, void @empty_21, i32 0, i32 0, i32 0, i32 0, void @empty_21, void @empty_17, i32 4294967295, i32 0"   --->   Operation 217 'specinterface' 'specinterface_ln0' <Predicate = true> <Delay = 0.00>
ST_42 : Operation 218 [1/1] (0.00ns)   --->   "%specinterface_ln0 = specinterface void @_ssdm_op_SpecInterface, i64 %tmp0, void @empty_4, i32 0, i32 0, void @empty_21, i32 0, i32 0, void @empty_5, void @empty_12, void @empty_21, i32 0, i32 0, i32 0, i32 0, void @empty_21, void @empty_17, i32 4294967295, i32 0"   --->   Operation 218 'specinterface' 'specinterface_ln0' <Predicate = true> <Delay = 0.00>
ST_42 : Operation 219 [1/1] (0.00ns)   --->   "%specinterface_ln0 = specinterface void @_ssdm_op_SpecInterface, i64 %tmp0, void @empty_9, i32 0, i32 0, void @empty_21, i32 0, i32 0, void @empty_21, void @empty_21, void @empty_21, i32 0, i32 0, i32 0, i32 0, void @empty_21, void @empty_17, i32 4294967295, i32 0"   --->   Operation 219 'specinterface' 'specinterface_ln0' <Predicate = true> <Delay = 0.00>
ST_42 : Operation 220 [1/1] (0.00ns)   --->   "%specinterface_ln0 = specinterface void @_ssdm_op_SpecInterface, i64 %tmp1, void @empty_4, i32 0, i32 0, void @empty_21, i32 0, i32 0, void @empty_5, void @empty_13, void @empty_21, i32 0, i32 0, i32 0, i32 0, void @empty_21, void @empty_17, i32 4294967295, i32 0"   --->   Operation 220 'specinterface' 'specinterface_ln0' <Predicate = true> <Delay = 0.00>
ST_42 : Operation 221 [1/1] (0.00ns)   --->   "%specinterface_ln0 = specinterface void @_ssdm_op_SpecInterface, i64 %tmp1, void @empty_9, i32 0, i32 0, void @empty_21, i32 0, i32 0, void @empty_21, void @empty_21, void @empty_21, i32 0, i32 0, i32 0, i32 0, void @empty_21, void @empty_17, i32 4294967295, i32 0"   --->   Operation 221 'specinterface' 'specinterface_ln0' <Predicate = true> <Delay = 0.00>
ST_42 : Operation 222 [1/1] (0.00ns)   --->   "%specinterface_ln0 = specinterface void @_ssdm_op_SpecInterface, i64 %tmp2, void @empty_4, i32 0, i32 0, void @empty_21, i32 0, i32 0, void @empty_5, void @empty_14, void @empty_21, i32 0, i32 0, i32 0, i32 0, void @empty_21, void @empty_17, i32 4294967295, i32 0"   --->   Operation 222 'specinterface' 'specinterface_ln0' <Predicate = true> <Delay = 0.00>
ST_42 : Operation 223 [1/1] (0.00ns)   --->   "%specinterface_ln0 = specinterface void @_ssdm_op_SpecInterface, i64 %tmp2, void @empty_9, i32 0, i32 0, void @empty_21, i32 0, i32 0, void @empty_21, void @empty_21, void @empty_21, i32 0, i32 0, i32 0, i32 0, void @empty_21, void @empty_17, i32 4294967295, i32 0"   --->   Operation 223 'specinterface' 'specinterface_ln0' <Predicate = true> <Delay = 0.00>
ST_42 : Operation 224 [1/1] (0.00ns)   --->   "%specinterface_ln0 = specinterface void @_ssdm_op_SpecInterface, i64 %tmp3, void @empty_4, i32 0, i32 0, void @empty_21, i32 0, i32 0, void @empty_5, void @empty_18, void @empty_21, i32 0, i32 0, i32 0, i32 0, void @empty_21, void @empty_17, i32 4294967295, i32 0"   --->   Operation 224 'specinterface' 'specinterface_ln0' <Predicate = true> <Delay = 0.00>
ST_42 : Operation 225 [1/1] (0.00ns)   --->   "%specinterface_ln0 = specinterface void @_ssdm_op_SpecInterface, i64 %tmp3, void @empty_9, i32 0, i32 0, void @empty_21, i32 0, i32 0, void @empty_21, void @empty_21, void @empty_21, i32 0, i32 0, i32 0, i32 0, void @empty_21, void @empty_17, i32 4294967295, i32 0"   --->   Operation 225 'specinterface' 'specinterface_ln0' <Predicate = true> <Delay = 0.00>
ST_42 : Operation 226 [1/1] (0.00ns)   --->   "%specinterface_ln0 = specinterface void @_ssdm_op_SpecInterface, i32 0, void @empty_4, i32 0, i32 0, void @empty_21, i32 0, i32 0, void @empty_5, void @empty_21, void @empty_21, i32 0, i32 0, i32 0, i32 0, void @empty_21, void @empty_21, i32 4294967295, i32 0"   --->   Operation 226 'specinterface' 'specinterface_ln0' <Predicate = true> <Delay = 0.00>
ST_42 : Operation 227 [1/2] (0.00ns)   --->   "%call_ln145 = call void @dut_Pipeline_Store_vertice_loop, i32 %gmem0, i62 %trunc_ln, i32 %add, i32 %numVert_read, i16 %offset_buf, i32 %btwn_buf" [top.cpp:145]   --->   Operation 227 'call' 'call_ln145' <Predicate = true> <Delay = 0.00> <CoreType = "Generic">   --->   Core 0 '' <Latency = 0> <II = 1> <Delay = 1.00> <Generic> <Opcode : >
ST_42 : Operation 228 [1/2] (0.00ns)   --->   "%call_ln154 = call void @dut_Pipeline_Store_edge_loop, i32 %gmem1, i62 %trunc_ln1, i32 %numEdge_read, i16 %column_buf" [top.cpp:154]   --->   Operation 228 'call' 'call_ln154' <Predicate = true> <Delay = 0.00> <CoreType = "Generic">   --->   Core 0 '' <Latency = 0> <II = 1> <Delay = 1.00> <Generic> <Opcode : >
ST_42 : Operation 229 [1/1] (0.00ns)   --->   "%br_ln162 = br void %for.body28" [top.cpp:162]   --->   Operation 229 'br' 'br_ln162' <Predicate = true> <Delay = 0.00>

State 43 <SV = 42> <Delay = 1.36>
ST_43 : Operation 230 [1/1] (0.00ns)   --->   "%i = load i12 %i_2" [top.cpp:162]   --->   Operation 230 'load' 'i' <Predicate = true> <Delay = 0.00>
ST_43 : Operation 231 [1/1] (0.62ns)   --->   "%icmp_ln162 = icmp_ult  i12 %i, i12 3534" [top.cpp:162]   --->   Operation 231 'icmp' 'icmp_ln162' <Predicate = true> <Delay = 0.62> <CoreInst = "Cmp">   --->   Core 9 'Cmp' <Latency = 0> <II = 1> <Delay = 0.62> <FuncUnit> <Opcode : 'icmp'> <InPorts = 2> <OutPorts = 1>
ST_43 : Operation 232 [1/1] (0.00ns)   --->   "%empty_42 = speclooptripcount i32 @_ssdm_op_SpecLoopTripCount, i64 1, i64 3534, i64 1767"   --->   Operation 232 'speclooptripcount' 'empty_42' <Predicate = true> <Delay = 0.00>
ST_43 : Operation 233 [1/1] (0.74ns)   --->   "%i_3 = add i12 %i, i12 1" [top.cpp:162]   --->   Operation 233 'add' 'i_3' <Predicate = true> <Delay = 0.74> <CoreInst = "Adder">   --->   Core 1 'Adder' <Latency = 0> <II = 1> <Delay = 0.74> <FuncUnit> <Opcode : 'add' 'sub'> <InPorts = 2> <OutPorts = 1>
ST_43 : Operation 234 [1/1] (0.00ns)   --->   "%br_ln162 = br i1 %icmp_ln162, void %Output_loop, void %for.body28.split" [top.cpp:162]   --->   Operation 234 'br' 'br_ln162' <Predicate = true> <Delay = 0.00>
ST_43 : Operation 235 [1/1] (0.00ns)   --->   "%zext_ln162 = zext i12 %i" [top.cpp:162]   --->   Operation 235 'zext' 'zext_ln162' <Predicate = (icmp_ln162)> <Delay = 0.00>
ST_43 : Operation 236 [1/1] (0.00ns)   --->   "%specloopname_ln162 = specloopname void @_ssdm_op_SpecLoopName, void @empty_31" [top.cpp:162]   --->   Operation 236 'specloopname' 'specloopname_ln162' <Predicate = (icmp_ln162)> <Delay = 0.00>
ST_43 : Operation 237 [1/1] (0.85ns)   --->   "%icmp_ln165 = icmp_ult  i32 %zext_ln162, i32 %numVert_read" [top.cpp:165]   --->   Operation 237 'icmp' 'icmp_ln165' <Predicate = (icmp_ln162)> <Delay = 0.85> <CoreInst = "Cmp">   --->   Core 9 'Cmp' <Latency = 0> <II = 1> <Delay = 0.85> <FuncUnit> <Opcode : 'icmp'> <InPorts = 2> <OutPorts = 1>
ST_43 : Operation 238 [1/1] (0.00ns)   --->   "%br_ln165 = br i1 %icmp_ln165, void %Output_loop, void %Clear_loop" [top.cpp:165]   --->   Operation 238 'br' 'br_ln165' <Predicate = (icmp_ln162)> <Delay = 0.00>
ST_43 : Operation 239 [1/1] (0.00ns)   --->   "%store_ln170 = store i16 1, i16 %q_index" [top.cpp:170]   --->   Operation 239 'store' 'store_ln170' <Predicate = (icmp_ln162 & icmp_ln165)> <Delay = 0.00>
ST_43 : Operation 240 [1/1] (0.38ns)   --->   "%store_ln162 = store i12 %i_3, i12 %i_2" [top.cpp:162]   --->   Operation 240 'store' 'store_ln162' <Predicate = (icmp_ln162 & icmp_ln165)> <Delay = 0.38>
ST_43 : Operation 241 [1/1] (0.85ns)   --->   "%icmp_ln300 = icmp_ult  i32 %numVert_read, i32 3534" [top.cpp:300]   --->   Operation 241 'icmp' 'icmp_ln300' <Predicate = (!icmp_ln165) | (!icmp_ln162)> <Delay = 0.85> <CoreInst = "Cmp">   --->   Core 9 'Cmp' <Latency = 0> <II = 1> <Delay = 0.85> <FuncUnit> <Opcode : 'icmp'> <InPorts = 2> <OutPorts = 1>
ST_43 : Operation 242 [1/1] (0.00ns)   --->   "%trunc_ln4 = partselect i62 @_ssdm_op_PartSelect.i62.i64.i32.i32, i64 %btwn_read, i32 2, i32 63" [top.cpp:300]   --->   Operation 242 'partselect' 'trunc_ln4' <Predicate = (!icmp_ln165) | (!icmp_ln162)> <Delay = 0.00>
ST_43 : Operation 243 [1/1] (0.29ns)   --->   "%select_ln300 = select i1 %icmp_ln300, i12 %trunc_ln6, i12 3534" [top.cpp:300]   --->   Operation 243 'select' 'select_ln300' <Predicate = (!icmp_ln165) | (!icmp_ln162)> <Delay = 0.29> <CoreInst = "Sel">   --->   Core 73 'Sel' <Latency = 0> <II = 1> <Delay = 0.29> <FuncUnit> <Opcode : 'select'> <InPorts = 3> <OutPorts = 1>

State 44 <SV = 43> <Delay = 2.27>
ST_44 : Operation 244 [2/2] (2.27ns)   --->   "%call_ln162 = call void @dut_Pipeline_Clear_loop, i12 %i, i12 %i, i12 %i, i16 %dist_array, i32 %sigma_array, i1 %travel, i16 %s_array, i8 %p_index_array, i32 %delta_array, i16 %q_array" [top.cpp:162]   --->   Operation 244 'call' 'call_ln162' <Predicate = true> <Delay = 2.27> <CoreType = "Generic">   --->   Core 0 '' <Latency = 0> <II = 1> <Delay = 1.00> <Generic> <Opcode : >

State 45 <SV = 44> <Delay = 0.00>
ST_45 : Operation 245 [1/2] (0.00ns)   --->   "%call_ln162 = call void @dut_Pipeline_Clear_loop, i12 %i, i12 %i, i12 %i, i16 %dist_array, i32 %sigma_array, i1 %travel, i16 %s_array, i8 %p_index_array, i32 %delta_array, i16 %q_array" [top.cpp:162]   --->   Operation 245 'call' 'call_ln162' <Predicate = true> <Delay = 0.00> <CoreType = "Generic">   --->   Core 0 '' <Latency = 0> <II = 1> <Delay = 1.00> <Generic> <Opcode : >

State 46 <SV = 45> <Delay = 0.00>
ST_46 : Operation 246 [2/2] (0.00ns)   --->   "%call_ln0 = call void @dut_Pipeline_Queue_loop_Edge_loop, i16 %num_edge, i16 %q_array, i16 %v, i16 %s_array, i16 %offset_buf, i16 %base_edge, i16 %dist_array, i16 %dist_tmp, i32 %sigma_array, i32 %sigma_tmp_v, i16 %q_index_tmp, i16 %q_index, i16 %dist_tmp_w, i16 %column_buf, i12 %w, i1 %travel, i32 %sigma_tmp, i8 %p_index_array, i16 %p_array"   --->   Operation 246 'call' 'call_ln0' <Predicate = true> <Delay = 0.00> <CoreType = "Generic">   --->   Core 0 '' <Latency = 0> <II = 1> <Delay = 1.00> <Generic> <Opcode : >

State 47 <SV = 46> <Delay = 0.00>
ST_47 : Operation 247 [1/2] (0.00ns)   --->   "%call_ln0 = call void @dut_Pipeline_Queue_loop_Edge_loop, i16 %num_edge, i16 %q_array, i16 %v, i16 %s_array, i16 %offset_buf, i16 %base_edge, i16 %dist_array, i16 %dist_tmp, i32 %sigma_array, i32 %sigma_tmp_v, i16 %q_index_tmp, i16 %q_index, i16 %dist_tmp_w, i16 %column_buf, i12 %w, i1 %travel, i32 %sigma_tmp, i8 %p_index_array, i16 %p_array"   --->   Operation 247 'call' 'call_ln0' <Predicate = true> <Delay = 0.00> <CoreType = "Generic">   --->   Core 0 '' <Latency = 0> <II = 1> <Delay = 1.00> <Generic> <Opcode : >

State 48 <SV = 47> <Delay = 0.00>
ST_48 : Operation 248 [1/1] (0.00ns)   --->   "%q_index_load = load i16 %q_index"   --->   Operation 248 'load' 'q_index_load' <Predicate = true> <Delay = 0.00>
ST_48 : Operation 249 [2/2] (0.00ns)   --->   "%call_ln162 = call void @dut_Pipeline_Dequeue_loop_Computing_loop, i16 %q_index_load, i12 %i, i16 %s_array, i32 %sigma_array, i12 %w, i8 %p_index_array, i32 %delta_array, i32 %delta_tmp, i32 %btwn_buf, i32 %sigma_tmp, i16 %p_array, i16 %v" [top.cpp:162]   --->   Operation 249 'call' 'call_ln162' <Predicate = true> <Delay = 0.00> <CoreType = "Generic">   --->   Core 0 '' <Latency = 0> <II = 1> <Delay = 1.00> <Generic> <Opcode : >

State 49 <SV = 48> <Delay = 0.00>
ST_49 : Operation 250 [1/2] (0.00ns)   --->   "%call_ln162 = call void @dut_Pipeline_Dequeue_loop_Computing_loop, i16 %q_index_load, i12 %i, i16 %s_array, i32 %sigma_array, i12 %w, i8 %p_index_array, i32 %delta_array, i32 %delta_tmp, i32 %btwn_buf, i32 %sigma_tmp, i16 %p_array, i16 %v" [top.cpp:162]   --->   Operation 250 'call' 'call_ln162' <Predicate = true> <Delay = 0.00> <CoreType = "Generic">   --->   Core 0 '' <Latency = 0> <II = 1> <Delay = 1.00> <Generic> <Opcode : >
ST_49 : Operation 251 [1/1] (0.00ns)   --->   "%br_ln162 = br void %for.body28" [top.cpp:162]   --->   Operation 251 'br' 'br_ln162' <Predicate = true> <Delay = 0.00>

State 50 <SV = 43> <Delay = 2.43>
ST_50 : Operation 252 [1/1] (0.00ns)   --->   "%sext_ln300 = sext i62 %trunc_ln4" [top.cpp:300]   --->   Operation 252 'sext' 'sext_ln300' <Predicate = true> <Delay = 0.00>
ST_50 : Operation 253 [1/1] (0.00ns)   --->   "%gmem3_addr = getelementptr i32 %gmem3, i64 %sext_ln300" [top.cpp:300]   --->   Operation 253 'getelementptr' 'gmem3_addr' <Predicate = true> <Delay = 0.00>
ST_50 : Operation 254 [1/1] (0.00ns)   --->   "%zext_ln300 = zext i12 %select_ln300" [top.cpp:300]   --->   Operation 254 'zext' 'zext_ln300' <Predicate = true> <Delay = 0.00>
ST_50 : Operation 255 [1/1] (2.43ns)   --->   "%empty_43 = writereq i1 @_ssdm_op_WriteReq.m_axi.p1i32, i32 %gmem3_addr, i32 %zext_ln300" [top.cpp:300]   --->   Operation 255 'writereq' 'empty_43' <Predicate = true> <Delay = 2.43> <CoreInst = "m_axi">   --->   Core 121 'm_axi' <Latency = 0> <II = 1> <Delay = 1.00> <Adapter> <Opcode : 'read' 'write' 'readreq' 'writereq' 'writeresp'>

State 51 <SV = 44> <Delay = 0.85>
ST_51 : Operation 256 [2/2] (0.85ns)   --->   "%call_ln300 = call void @dut_Pipeline_Output_loop, i32 %gmem3, i62 %trunc_ln4, i32 %numVert_read, i32 %btwn_buf" [top.cpp:300]   --->   Operation 256 'call' 'call_ln300' <Predicate = true> <Delay = 0.85> <CoreType = "Generic">   --->   Core 0 '' <Latency = 0> <II = 1> <Delay = 1.00> <Generic> <Opcode : >

State 52 <SV = 45> <Delay = 0.00>
ST_52 : Operation 257 [1/2] (0.00ns)   --->   "%call_ln300 = call void @dut_Pipeline_Output_loop, i32 %gmem3, i62 %trunc_ln4, i32 %numVert_read, i32 %btwn_buf" [top.cpp:300]   --->   Operation 257 'call' 'call_ln300' <Predicate = true> <Delay = 0.00> <CoreType = "Generic">   --->   Core 0 '' <Latency = 0> <II = 1> <Delay = 1.00> <Generic> <Opcode : >

State 53 <SV = 46> <Delay = 2.43>
ST_53 : Operation 258 [36/36] (2.43ns)   --->   "%empty_44 = writeresp i1 @_ssdm_op_WriteResp.m_axi.p1i32, i32 %gmem3_addr" [top.cpp:310]   --->   Operation 258 'writeresp' 'empty_44' <Predicate = true> <Delay = 2.43> <CoreInst = "m_axi">   --->   Core 121 'm_axi' <Latency = 0> <II = 1> <Delay = 1.00> <Adapter> <Opcode : 'read' 'write' 'readreq' 'writereq' 'writeresp'>

State 54 <SV = 47> <Delay = 2.43>
ST_54 : Operation 259 [35/36] (2.43ns)   --->   "%empty_44 = writeresp i1 @_ssdm_op_WriteResp.m_axi.p1i32, i32 %gmem3_addr" [top.cpp:310]   --->   Operation 259 'writeresp' 'empty_44' <Predicate = true> <Delay = 2.43> <CoreInst = "m_axi">   --->   Core 121 'm_axi' <Latency = 0> <II = 1> <Delay = 1.00> <Adapter> <Opcode : 'read' 'write' 'readreq' 'writereq' 'writeresp'>

State 55 <SV = 48> <Delay = 2.43>
ST_55 : Operation 260 [34/36] (2.43ns)   --->   "%empty_44 = writeresp i1 @_ssdm_op_WriteResp.m_axi.p1i32, i32 %gmem3_addr" [top.cpp:310]   --->   Operation 260 'writeresp' 'empty_44' <Predicate = true> <Delay = 2.43> <CoreInst = "m_axi">   --->   Core 121 'm_axi' <Latency = 0> <II = 1> <Delay = 1.00> <Adapter> <Opcode : 'read' 'write' 'readreq' 'writereq' 'writeresp'>

State 56 <SV = 49> <Delay = 2.43>
ST_56 : Operation 261 [33/36] (2.43ns)   --->   "%empty_44 = writeresp i1 @_ssdm_op_WriteResp.m_axi.p1i32, i32 %gmem3_addr" [top.cpp:310]   --->   Operation 261 'writeresp' 'empty_44' <Predicate = true> <Delay = 2.43> <CoreInst = "m_axi">   --->   Core 121 'm_axi' <Latency = 0> <II = 1> <Delay = 1.00> <Adapter> <Opcode : 'read' 'write' 'readreq' 'writereq' 'writeresp'>

State 57 <SV = 50> <Delay = 2.43>
ST_57 : Operation 262 [32/36] (2.43ns)   --->   "%empty_44 = writeresp i1 @_ssdm_op_WriteResp.m_axi.p1i32, i32 %gmem3_addr" [top.cpp:310]   --->   Operation 262 'writeresp' 'empty_44' <Predicate = true> <Delay = 2.43> <CoreInst = "m_axi">   --->   Core 121 'm_axi' <Latency = 0> <II = 1> <Delay = 1.00> <Adapter> <Opcode : 'read' 'write' 'readreq' 'writereq' 'writeresp'>

State 58 <SV = 51> <Delay = 2.43>
ST_58 : Operation 263 [31/36] (2.43ns)   --->   "%empty_44 = writeresp i1 @_ssdm_op_WriteResp.m_axi.p1i32, i32 %gmem3_addr" [top.cpp:310]   --->   Operation 263 'writeresp' 'empty_44' <Predicate = true> <Delay = 2.43> <CoreInst = "m_axi">   --->   Core 121 'm_axi' <Latency = 0> <II = 1> <Delay = 1.00> <Adapter> <Opcode : 'read' 'write' 'readreq' 'writereq' 'writeresp'>

State 59 <SV = 52> <Delay = 2.43>
ST_59 : Operation 264 [30/36] (2.43ns)   --->   "%empty_44 = writeresp i1 @_ssdm_op_WriteResp.m_axi.p1i32, i32 %gmem3_addr" [top.cpp:310]   --->   Operation 264 'writeresp' 'empty_44' <Predicate = true> <Delay = 2.43> <CoreInst = "m_axi">   --->   Core 121 'm_axi' <Latency = 0> <II = 1> <Delay = 1.00> <Adapter> <Opcode : 'read' 'write' 'readreq' 'writereq' 'writeresp'>

State 60 <SV = 53> <Delay = 2.43>
ST_60 : Operation 265 [29/36] (2.43ns)   --->   "%empty_44 = writeresp i1 @_ssdm_op_WriteResp.m_axi.p1i32, i32 %gmem3_addr" [top.cpp:310]   --->   Operation 265 'writeresp' 'empty_44' <Predicate = true> <Delay = 2.43> <CoreInst = "m_axi">   --->   Core 121 'm_axi' <Latency = 0> <II = 1> <Delay = 1.00> <Adapter> <Opcode : 'read' 'write' 'readreq' 'writereq' 'writeresp'>

State 61 <SV = 54> <Delay = 2.43>
ST_61 : Operation 266 [28/36] (2.43ns)   --->   "%empty_44 = writeresp i1 @_ssdm_op_WriteResp.m_axi.p1i32, i32 %gmem3_addr" [top.cpp:310]   --->   Operation 266 'writeresp' 'empty_44' <Predicate = true> <Delay = 2.43> <CoreInst = "m_axi">   --->   Core 121 'm_axi' <Latency = 0> <II = 1> <Delay = 1.00> <Adapter> <Opcode : 'read' 'write' 'readreq' 'writereq' 'writeresp'>

State 62 <SV = 55> <Delay = 2.43>
ST_62 : Operation 267 [27/36] (2.43ns)   --->   "%empty_44 = writeresp i1 @_ssdm_op_WriteResp.m_axi.p1i32, i32 %gmem3_addr" [top.cpp:310]   --->   Operation 267 'writeresp' 'empty_44' <Predicate = true> <Delay = 2.43> <CoreInst = "m_axi">   --->   Core 121 'm_axi' <Latency = 0> <II = 1> <Delay = 1.00> <Adapter> <Opcode : 'read' 'write' 'readreq' 'writereq' 'writeresp'>

State 63 <SV = 56> <Delay = 2.43>
ST_63 : Operation 268 [26/36] (2.43ns)   --->   "%empty_44 = writeresp i1 @_ssdm_op_WriteResp.m_axi.p1i32, i32 %gmem3_addr" [top.cpp:310]   --->   Operation 268 'writeresp' 'empty_44' <Predicate = true> <Delay = 2.43> <CoreInst = "m_axi">   --->   Core 121 'm_axi' <Latency = 0> <II = 1> <Delay = 1.00> <Adapter> <Opcode : 'read' 'write' 'readreq' 'writereq' 'writeresp'>

State 64 <SV = 57> <Delay = 2.43>
ST_64 : Operation 269 [25/36] (2.43ns)   --->   "%empty_44 = writeresp i1 @_ssdm_op_WriteResp.m_axi.p1i32, i32 %gmem3_addr" [top.cpp:310]   --->   Operation 269 'writeresp' 'empty_44' <Predicate = true> <Delay = 2.43> <CoreInst = "m_axi">   --->   Core 121 'm_axi' <Latency = 0> <II = 1> <Delay = 1.00> <Adapter> <Opcode : 'read' 'write' 'readreq' 'writereq' 'writeresp'>

State 65 <SV = 58> <Delay = 2.43>
ST_65 : Operation 270 [24/36] (2.43ns)   --->   "%empty_44 = writeresp i1 @_ssdm_op_WriteResp.m_axi.p1i32, i32 %gmem3_addr" [top.cpp:310]   --->   Operation 270 'writeresp' 'empty_44' <Predicate = true> <Delay = 2.43> <CoreInst = "m_axi">   --->   Core 121 'm_axi' <Latency = 0> <II = 1> <Delay = 1.00> <Adapter> <Opcode : 'read' 'write' 'readreq' 'writereq' 'writeresp'>

State 66 <SV = 59> <Delay = 2.43>
ST_66 : Operation 271 [23/36] (2.43ns)   --->   "%empty_44 = writeresp i1 @_ssdm_op_WriteResp.m_axi.p1i32, i32 %gmem3_addr" [top.cpp:310]   --->   Operation 271 'writeresp' 'empty_44' <Predicate = true> <Delay = 2.43> <CoreInst = "m_axi">   --->   Core 121 'm_axi' <Latency = 0> <II = 1> <Delay = 1.00> <Adapter> <Opcode : 'read' 'write' 'readreq' 'writereq' 'writeresp'>

State 67 <SV = 60> <Delay = 2.43>
ST_67 : Operation 272 [22/36] (2.43ns)   --->   "%empty_44 = writeresp i1 @_ssdm_op_WriteResp.m_axi.p1i32, i32 %gmem3_addr" [top.cpp:310]   --->   Operation 272 'writeresp' 'empty_44' <Predicate = true> <Delay = 2.43> <CoreInst = "m_axi">   --->   Core 121 'm_axi' <Latency = 0> <II = 1> <Delay = 1.00> <Adapter> <Opcode : 'read' 'write' 'readreq' 'writereq' 'writeresp'>

State 68 <SV = 61> <Delay = 2.43>
ST_68 : Operation 273 [21/36] (2.43ns)   --->   "%empty_44 = writeresp i1 @_ssdm_op_WriteResp.m_axi.p1i32, i32 %gmem3_addr" [top.cpp:310]   --->   Operation 273 'writeresp' 'empty_44' <Predicate = true> <Delay = 2.43> <CoreInst = "m_axi">   --->   Core 121 'm_axi' <Latency = 0> <II = 1> <Delay = 1.00> <Adapter> <Opcode : 'read' 'write' 'readreq' 'writereq' 'writeresp'>

State 69 <SV = 62> <Delay = 2.43>
ST_69 : Operation 274 [20/36] (2.43ns)   --->   "%empty_44 = writeresp i1 @_ssdm_op_WriteResp.m_axi.p1i32, i32 %gmem3_addr" [top.cpp:310]   --->   Operation 274 'writeresp' 'empty_44' <Predicate = true> <Delay = 2.43> <CoreInst = "m_axi">   --->   Core 121 'm_axi' <Latency = 0> <II = 1> <Delay = 1.00> <Adapter> <Opcode : 'read' 'write' 'readreq' 'writereq' 'writeresp'>

State 70 <SV = 63> <Delay = 2.43>
ST_70 : Operation 275 [19/36] (2.43ns)   --->   "%empty_44 = writeresp i1 @_ssdm_op_WriteResp.m_axi.p1i32, i32 %gmem3_addr" [top.cpp:310]   --->   Operation 275 'writeresp' 'empty_44' <Predicate = true> <Delay = 2.43> <CoreInst = "m_axi">   --->   Core 121 'm_axi' <Latency = 0> <II = 1> <Delay = 1.00> <Adapter> <Opcode : 'read' 'write' 'readreq' 'writereq' 'writeresp'>

State 71 <SV = 64> <Delay = 2.43>
ST_71 : Operation 276 [18/36] (2.43ns)   --->   "%empty_44 = writeresp i1 @_ssdm_op_WriteResp.m_axi.p1i32, i32 %gmem3_addr" [top.cpp:310]   --->   Operation 276 'writeresp' 'empty_44' <Predicate = true> <Delay = 2.43> <CoreInst = "m_axi">   --->   Core 121 'm_axi' <Latency = 0> <II = 1> <Delay = 1.00> <Adapter> <Opcode : 'read' 'write' 'readreq' 'writereq' 'writeresp'>

State 72 <SV = 65> <Delay = 2.43>
ST_72 : Operation 277 [17/36] (2.43ns)   --->   "%empty_44 = writeresp i1 @_ssdm_op_WriteResp.m_axi.p1i32, i32 %gmem3_addr" [top.cpp:310]   --->   Operation 277 'writeresp' 'empty_44' <Predicate = true> <Delay = 2.43> <CoreInst = "m_axi">   --->   Core 121 'm_axi' <Latency = 0> <II = 1> <Delay = 1.00> <Adapter> <Opcode : 'read' 'write' 'readreq' 'writereq' 'writeresp'>

State 73 <SV = 66> <Delay = 2.43>
ST_73 : Operation 278 [16/36] (2.43ns)   --->   "%empty_44 = writeresp i1 @_ssdm_op_WriteResp.m_axi.p1i32, i32 %gmem3_addr" [top.cpp:310]   --->   Operation 278 'writeresp' 'empty_44' <Predicate = true> <Delay = 2.43> <CoreInst = "m_axi">   --->   Core 121 'm_axi' <Latency = 0> <II = 1> <Delay = 1.00> <Adapter> <Opcode : 'read' 'write' 'readreq' 'writereq' 'writeresp'>

State 74 <SV = 67> <Delay = 2.43>
ST_74 : Operation 279 [15/36] (2.43ns)   --->   "%empty_44 = writeresp i1 @_ssdm_op_WriteResp.m_axi.p1i32, i32 %gmem3_addr" [top.cpp:310]   --->   Operation 279 'writeresp' 'empty_44' <Predicate = true> <Delay = 2.43> <CoreInst = "m_axi">   --->   Core 121 'm_axi' <Latency = 0> <II = 1> <Delay = 1.00> <Adapter> <Opcode : 'read' 'write' 'readreq' 'writereq' 'writeresp'>

State 75 <SV = 68> <Delay = 2.43>
ST_75 : Operation 280 [14/36] (2.43ns)   --->   "%empty_44 = writeresp i1 @_ssdm_op_WriteResp.m_axi.p1i32, i32 %gmem3_addr" [top.cpp:310]   --->   Operation 280 'writeresp' 'empty_44' <Predicate = true> <Delay = 2.43> <CoreInst = "m_axi">   --->   Core 121 'm_axi' <Latency = 0> <II = 1> <Delay = 1.00> <Adapter> <Opcode : 'read' 'write' 'readreq' 'writereq' 'writeresp'>

State 76 <SV = 69> <Delay = 2.43>
ST_76 : Operation 281 [13/36] (2.43ns)   --->   "%empty_44 = writeresp i1 @_ssdm_op_WriteResp.m_axi.p1i32, i32 %gmem3_addr" [top.cpp:310]   --->   Operation 281 'writeresp' 'empty_44' <Predicate = true> <Delay = 2.43> <CoreInst = "m_axi">   --->   Core 121 'm_axi' <Latency = 0> <II = 1> <Delay = 1.00> <Adapter> <Opcode : 'read' 'write' 'readreq' 'writereq' 'writeresp'>

State 77 <SV = 70> <Delay = 2.43>
ST_77 : Operation 282 [12/36] (2.43ns)   --->   "%empty_44 = writeresp i1 @_ssdm_op_WriteResp.m_axi.p1i32, i32 %gmem3_addr" [top.cpp:310]   --->   Operation 282 'writeresp' 'empty_44' <Predicate = true> <Delay = 2.43> <CoreInst = "m_axi">   --->   Core 121 'm_axi' <Latency = 0> <II = 1> <Delay = 1.00> <Adapter> <Opcode : 'read' 'write' 'readreq' 'writereq' 'writeresp'>

State 78 <SV = 71> <Delay = 2.43>
ST_78 : Operation 283 [11/36] (2.43ns)   --->   "%empty_44 = writeresp i1 @_ssdm_op_WriteResp.m_axi.p1i32, i32 %gmem3_addr" [top.cpp:310]   --->   Operation 283 'writeresp' 'empty_44' <Predicate = true> <Delay = 2.43> <CoreInst = "m_axi">   --->   Core 121 'm_axi' <Latency = 0> <II = 1> <Delay = 1.00> <Adapter> <Opcode : 'read' 'write' 'readreq' 'writereq' 'writeresp'>

State 79 <SV = 72> <Delay = 2.43>
ST_79 : Operation 284 [10/36] (2.43ns)   --->   "%empty_44 = writeresp i1 @_ssdm_op_WriteResp.m_axi.p1i32, i32 %gmem3_addr" [top.cpp:310]   --->   Operation 284 'writeresp' 'empty_44' <Predicate = true> <Delay = 2.43> <CoreInst = "m_axi">   --->   Core 121 'm_axi' <Latency = 0> <II = 1> <Delay = 1.00> <Adapter> <Opcode : 'read' 'write' 'readreq' 'writereq' 'writeresp'>

State 80 <SV = 73> <Delay = 2.43>
ST_80 : Operation 285 [9/36] (2.43ns)   --->   "%empty_44 = writeresp i1 @_ssdm_op_WriteResp.m_axi.p1i32, i32 %gmem3_addr" [top.cpp:310]   --->   Operation 285 'writeresp' 'empty_44' <Predicate = true> <Delay = 2.43> <CoreInst = "m_axi">   --->   Core 121 'm_axi' <Latency = 0> <II = 1> <Delay = 1.00> <Adapter> <Opcode : 'read' 'write' 'readreq' 'writereq' 'writeresp'>

State 81 <SV = 74> <Delay = 2.43>
ST_81 : Operation 286 [8/36] (2.43ns)   --->   "%empty_44 = writeresp i1 @_ssdm_op_WriteResp.m_axi.p1i32, i32 %gmem3_addr" [top.cpp:310]   --->   Operation 286 'writeresp' 'empty_44' <Predicate = true> <Delay = 2.43> <CoreInst = "m_axi">   --->   Core 121 'm_axi' <Latency = 0> <II = 1> <Delay = 1.00> <Adapter> <Opcode : 'read' 'write' 'readreq' 'writereq' 'writeresp'>

State 82 <SV = 75> <Delay = 2.43>
ST_82 : Operation 287 [7/36] (2.43ns)   --->   "%empty_44 = writeresp i1 @_ssdm_op_WriteResp.m_axi.p1i32, i32 %gmem3_addr" [top.cpp:310]   --->   Operation 287 'writeresp' 'empty_44' <Predicate = true> <Delay = 2.43> <CoreInst = "m_axi">   --->   Core 121 'm_axi' <Latency = 0> <II = 1> <Delay = 1.00> <Adapter> <Opcode : 'read' 'write' 'readreq' 'writereq' 'writeresp'>

State 83 <SV = 76> <Delay = 2.43>
ST_83 : Operation 288 [6/36] (2.43ns)   --->   "%empty_44 = writeresp i1 @_ssdm_op_WriteResp.m_axi.p1i32, i32 %gmem3_addr" [top.cpp:310]   --->   Operation 288 'writeresp' 'empty_44' <Predicate = true> <Delay = 2.43> <CoreInst = "m_axi">   --->   Core 121 'm_axi' <Latency = 0> <II = 1> <Delay = 1.00> <Adapter> <Opcode : 'read' 'write' 'readreq' 'writereq' 'writeresp'>

State 84 <SV = 77> <Delay = 2.43>
ST_84 : Operation 289 [5/36] (2.43ns)   --->   "%empty_44 = writeresp i1 @_ssdm_op_WriteResp.m_axi.p1i32, i32 %gmem3_addr" [top.cpp:310]   --->   Operation 289 'writeresp' 'empty_44' <Predicate = true> <Delay = 2.43> <CoreInst = "m_axi">   --->   Core 121 'm_axi' <Latency = 0> <II = 1> <Delay = 1.00> <Adapter> <Opcode : 'read' 'write' 'readreq' 'writereq' 'writeresp'>

State 85 <SV = 78> <Delay = 2.43>
ST_85 : Operation 290 [4/36] (2.43ns)   --->   "%empty_44 = writeresp i1 @_ssdm_op_WriteResp.m_axi.p1i32, i32 %gmem3_addr" [top.cpp:310]   --->   Operation 290 'writeresp' 'empty_44' <Predicate = true> <Delay = 2.43> <CoreInst = "m_axi">   --->   Core 121 'm_axi' <Latency = 0> <II = 1> <Delay = 1.00> <Adapter> <Opcode : 'read' 'write' 'readreq' 'writereq' 'writeresp'>

State 86 <SV = 79> <Delay = 2.43>
ST_86 : Operation 291 [3/36] (2.43ns)   --->   "%empty_44 = writeresp i1 @_ssdm_op_WriteResp.m_axi.p1i32, i32 %gmem3_addr" [top.cpp:310]   --->   Operation 291 'writeresp' 'empty_44' <Predicate = true> <Delay = 2.43> <CoreInst = "m_axi">   --->   Core 121 'm_axi' <Latency = 0> <II = 1> <Delay = 1.00> <Adapter> <Opcode : 'read' 'write' 'readreq' 'writereq' 'writeresp'>

State 87 <SV = 80> <Delay = 2.43>
ST_87 : Operation 292 [2/36] (2.43ns)   --->   "%empty_44 = writeresp i1 @_ssdm_op_WriteResp.m_axi.p1i32, i32 %gmem3_addr" [top.cpp:310]   --->   Operation 292 'writeresp' 'empty_44' <Predicate = true> <Delay = 2.43> <CoreInst = "m_axi">   --->   Core 121 'm_axi' <Latency = 0> <II = 1> <Delay = 1.00> <Adapter> <Opcode : 'read' 'write' 'readreq' 'writereq' 'writeresp'>

State 88 <SV = 81> <Delay = 2.43>
ST_88 : Operation 293 [1/36] (2.43ns)   --->   "%empty_44 = writeresp i1 @_ssdm_op_WriteResp.m_axi.p1i32, i32 %gmem3_addr" [top.cpp:310]   --->   Operation 293 'writeresp' 'empty_44' <Predicate = true> <Delay = 2.43> <CoreInst = "m_axi">   --->   Core 121 'm_axi' <Latency = 0> <II = 1> <Delay = 1.00> <Adapter> <Opcode : 'read' 'write' 'readreq' 'writereq' 'writeresp'>
ST_88 : Operation 294 [1/1] (0.00ns)   --->   "%ret_ln310 = ret" [top.cpp:310]   --->   Operation 294 'ret' 'ret_ln310' <Predicate = true> <Delay = 0.00>


============================================================
+ Verbose Summary: Timing violations
============================================================
Target clock period: 3.33ns, clock uncertainty: 0.899ns.

 <State 1>: 1ns
The critical path consists of the following:
	wire read operation ('numVert', top.cpp:6) on port 'numVert' (top.cpp:6) [44]  (1 ns)

 <State 2>: 2.1ns
The critical path consists of the following:
	wire read operation ('numEdge', top.cpp:6) on port 'numEdge' (top.cpp:6) [43]  (1 ns)
	'icmp' operation ('icmp_ln154', top.cpp:154) [94]  (0.859 ns)
	'select' operation ('select_ln154', top.cpp:154) [98]  (0.243 ns)

 <State 3>: 2.43ns
The critical path consists of the following:
	'getelementptr' operation ('gmem0_addr', top.cpp:145) [89]  (0 ns)
	bus request operation ('empty', top.cpp:145) on port 'gmem0' (top.cpp:145) [92]  (2.43 ns)

 <State 4>: 2.43ns
The critical path consists of the following:
	bus request operation ('empty', top.cpp:145) on port 'gmem0' (top.cpp:145) [92]  (2.43 ns)

 <State 5>: 2.43ns
The critical path consists of the following:
	bus request operation ('empty', top.cpp:145) on port 'gmem0' (top.cpp:145) [92]  (2.43 ns)

 <State 6>: 2.43ns
The critical path consists of the following:
	bus request operation ('empty', top.cpp:145) on port 'gmem0' (top.cpp:145) [92]  (2.43 ns)

 <State 7>: 2.43ns
The critical path consists of the following:
	bus request operation ('empty', top.cpp:145) on port 'gmem0' (top.cpp:145) [92]  (2.43 ns)

 <State 8>: 2.43ns
The critical path consists of the following:
	bus request operation ('empty', top.cpp:145) on port 'gmem0' (top.cpp:145) [92]  (2.43 ns)

 <State 9>: 2.43ns
The critical path consists of the following:
	bus request operation ('empty', top.cpp:145) on port 'gmem0' (top.cpp:145) [92]  (2.43 ns)

 <State 10>: 2.43ns
The critical path consists of the following:
	bus request operation ('empty', top.cpp:145) on port 'gmem0' (top.cpp:145) [92]  (2.43 ns)

 <State 11>: 2.43ns
The critical path consists of the following:
	bus request operation ('empty', top.cpp:145) on port 'gmem0' (top.cpp:145) [92]  (2.43 ns)

 <State 12>: 2.43ns
The critical path consists of the following:
	bus request operation ('empty', top.cpp:145) on port 'gmem0' (top.cpp:145) [92]  (2.43 ns)

 <State 13>: 2.43ns
The critical path consists of the following:
	bus request operation ('empty', top.cpp:145) on port 'gmem0' (top.cpp:145) [92]  (2.43 ns)

 <State 14>: 2.43ns
The critical path consists of the following:
	bus request operation ('empty', top.cpp:145) on port 'gmem0' (top.cpp:145) [92]  (2.43 ns)

 <State 15>: 2.43ns
The critical path consists of the following:
	bus request operation ('empty', top.cpp:145) on port 'gmem0' (top.cpp:145) [92]  (2.43 ns)

 <State 16>: 2.43ns
The critical path consists of the following:
	bus request operation ('empty', top.cpp:145) on port 'gmem0' (top.cpp:145) [92]  (2.43 ns)

 <State 17>: 2.43ns
The critical path consists of the following:
	bus request operation ('empty', top.cpp:145) on port 'gmem0' (top.cpp:145) [92]  (2.43 ns)

 <State 18>: 2.43ns
The critical path consists of the following:
	bus request operation ('empty', top.cpp:145) on port 'gmem0' (top.cpp:145) [92]  (2.43 ns)

 <State 19>: 2.43ns
The critical path consists of the following:
	bus request operation ('empty', top.cpp:145) on port 'gmem0' (top.cpp:145) [92]  (2.43 ns)

 <State 20>: 2.43ns
The critical path consists of the following:
	bus request operation ('empty', top.cpp:145) on port 'gmem0' (top.cpp:145) [92]  (2.43 ns)

 <State 21>: 2.43ns
The critical path consists of the following:
	bus request operation ('empty', top.cpp:145) on port 'gmem0' (top.cpp:145) [92]  (2.43 ns)

 <State 22>: 2.43ns
The critical path consists of the following:
	bus request operation ('empty', top.cpp:145) on port 'gmem0' (top.cpp:145) [92]  (2.43 ns)

 <State 23>: 2.43ns
The critical path consists of the following:
	bus request operation ('empty', top.cpp:145) on port 'gmem0' (top.cpp:145) [92]  (2.43 ns)

 <State 24>: 2.43ns
The critical path consists of the following:
	bus request operation ('empty', top.cpp:145) on port 'gmem0' (top.cpp:145) [92]  (2.43 ns)

 <State 25>: 2.43ns
The critical path consists of the following:
	bus request operation ('empty', top.cpp:145) on port 'gmem0' (top.cpp:145) [92]  (2.43 ns)

 <State 26>: 2.43ns
The critical path consists of the following:
	bus request operation ('empty', top.cpp:145) on port 'gmem0' (top.cpp:145) [92]  (2.43 ns)

 <State 27>: 2.43ns
The critical path consists of the following:
	bus request operation ('empty', top.cpp:145) on port 'gmem0' (top.cpp:145) [92]  (2.43 ns)

 <State 28>: 2.43ns
The critical path consists of the following:
	bus request operation ('empty', top.cpp:145) on port 'gmem0' (top.cpp:145) [92]  (2.43 ns)

 <State 29>: 2.43ns
The critical path consists of the following:
	bus request operation ('empty', top.cpp:145) on port 'gmem0' (top.cpp:145) [92]  (2.43 ns)

 <State 30>: 2.43ns
The critical path consists of the following:
	bus request operation ('empty', top.cpp:145) on port 'gmem0' (top.cpp:145) [92]  (2.43 ns)

 <State 31>: 2.43ns
The critical path consists of the following:
	bus request operation ('empty', top.cpp:145) on port 'gmem0' (top.cpp:145) [92]  (2.43 ns)

 <State 32>: 2.43ns
The critical path consists of the following:
	bus request operation ('empty', top.cpp:145) on port 'gmem0' (top.cpp:145) [92]  (2.43 ns)

 <State 33>: 2.43ns
The critical path consists of the following:
	bus request operation ('empty', top.cpp:145) on port 'gmem0' (top.cpp:145) [92]  (2.43 ns)

 <State 34>: 2.43ns
The critical path consists of the following:
	bus request operation ('empty', top.cpp:145) on port 'gmem0' (top.cpp:145) [92]  (2.43 ns)

 <State 35>: 2.43ns
The critical path consists of the following:
	bus request operation ('empty', top.cpp:145) on port 'gmem0' (top.cpp:145) [92]  (2.43 ns)

 <State 36>: 2.43ns
The critical path consists of the following:
	bus request operation ('empty', top.cpp:145) on port 'gmem0' (top.cpp:145) [92]  (2.43 ns)

 <State 37>: 2.43ns
The critical path consists of the following:
	bus request operation ('empty', top.cpp:145) on port 'gmem0' (top.cpp:145) [92]  (2.43 ns)

 <State 38>: 2.43ns
The critical path consists of the following:
	bus request operation ('empty', top.cpp:145) on port 'gmem0' (top.cpp:145) [92]  (2.43 ns)

 <State 39>: 2.43ns
The critical path consists of the following:
	bus request operation ('empty', top.cpp:145) on port 'gmem0' (top.cpp:145) [92]  (2.43 ns)

 <State 40>: 2.43ns
The critical path consists of the following:
	bus request operation ('empty', top.cpp:145) on port 'gmem0' (top.cpp:145) [92]  (2.43 ns)

 <State 41>: 0.859ns
The critical path consists of the following:
	'call' operation ('call_ln145', top.cpp:145) to 'dut_Pipeline_Store_vertice_loop' [93]  (0.859 ns)

 <State 42>: 0ns
The critical path consists of the following:

 <State 43>: 1.37ns
The critical path consists of the following:
	'icmp' operation ('icmp_ln300', top.cpp:300) [124]  (0.859 ns)
	'select' operation ('select_ln300', top.cpp:300) [128]  (0.299 ns)
	blocking operation 0.21 ns on control path)

 <State 44>: 2.27ns
The critical path consists of the following:
	'call' operation ('call_ln162', top.cpp:162) to 'dut_Pipeline_Clear_loop' [117]  (2.27 ns)

 <State 45>: 0ns
The critical path consists of the following:

 <State 46>: 0ns
The critical path consists of the following:

 <State 47>: 0ns
The critical path consists of the following:

 <State 48>: 0ns
The critical path consists of the following:

 <State 49>: 0ns
The critical path consists of the following:

 <State 50>: 2.43ns
The critical path consists of the following:
	'getelementptr' operation ('gmem3_addr', top.cpp:300) [127]  (0 ns)
	bus request operation ('empty_43', top.cpp:300) on port 'gmem3' (top.cpp:300) [130]  (2.43 ns)

 <State 51>: 0.859ns
The critical path consists of the following:
	'call' operation ('call_ln300', top.cpp:300) to 'dut_Pipeline_Output_loop' [131]  (0.859 ns)

 <State 52>: 0ns
The critical path consists of the following:

 <State 53>: 2.43ns
The critical path consists of the following:
	bus response operation ('empty_44', top.cpp:310) on port 'gmem3' (top.cpp:310) [132]  (2.43 ns)

 <State 54>: 2.43ns
The critical path consists of the following:
	bus response operation ('empty_44', top.cpp:310) on port 'gmem3' (top.cpp:310) [132]  (2.43 ns)

 <State 55>: 2.43ns
The critical path consists of the following:
	bus response operation ('empty_44', top.cpp:310) on port 'gmem3' (top.cpp:310) [132]  (2.43 ns)

 <State 56>: 2.43ns
The critical path consists of the following:
	bus response operation ('empty_44', top.cpp:310) on port 'gmem3' (top.cpp:310) [132]  (2.43 ns)

 <State 57>: 2.43ns
The critical path consists of the following:
	bus response operation ('empty_44', top.cpp:310) on port 'gmem3' (top.cpp:310) [132]  (2.43 ns)

 <State 58>: 2.43ns
The critical path consists of the following:
	bus response operation ('empty_44', top.cpp:310) on port 'gmem3' (top.cpp:310) [132]  (2.43 ns)

 <State 59>: 2.43ns
The critical path consists of the following:
	bus response operation ('empty_44', top.cpp:310) on port 'gmem3' (top.cpp:310) [132]  (2.43 ns)

 <State 60>: 2.43ns
The critical path consists of the following:
	bus response operation ('empty_44', top.cpp:310) on port 'gmem3' (top.cpp:310) [132]  (2.43 ns)

 <State 61>: 2.43ns
The critical path consists of the following:
	bus response operation ('empty_44', top.cpp:310) on port 'gmem3' (top.cpp:310) [132]  (2.43 ns)

 <State 62>: 2.43ns
The critical path consists of the following:
	bus response operation ('empty_44', top.cpp:310) on port 'gmem3' (top.cpp:310) [132]  (2.43 ns)

 <State 63>: 2.43ns
The critical path consists of the following:
	bus response operation ('empty_44', top.cpp:310) on port 'gmem3' (top.cpp:310) [132]  (2.43 ns)

 <State 64>: 2.43ns
The critical path consists of the following:
	bus response operation ('empty_44', top.cpp:310) on port 'gmem3' (top.cpp:310) [132]  (2.43 ns)

 <State 65>: 2.43ns
The critical path consists of the following:
	bus response operation ('empty_44', top.cpp:310) on port 'gmem3' (top.cpp:310) [132]  (2.43 ns)

 <State 66>: 2.43ns
The critical path consists of the following:
	bus response operation ('empty_44', top.cpp:310) on port 'gmem3' (top.cpp:310) [132]  (2.43 ns)

 <State 67>: 2.43ns
The critical path consists of the following:
	bus response operation ('empty_44', top.cpp:310) on port 'gmem3' (top.cpp:310) [132]  (2.43 ns)

 <State 68>: 2.43ns
The critical path consists of the following:
	bus response operation ('empty_44', top.cpp:310) on port 'gmem3' (top.cpp:310) [132]  (2.43 ns)

 <State 69>: 2.43ns
The critical path consists of the following:
	bus response operation ('empty_44', top.cpp:310) on port 'gmem3' (top.cpp:310) [132]  (2.43 ns)

 <State 70>: 2.43ns
The critical path consists of the following:
	bus response operation ('empty_44', top.cpp:310) on port 'gmem3' (top.cpp:310) [132]  (2.43 ns)

 <State 71>: 2.43ns
The critical path consists of the following:
	bus response operation ('empty_44', top.cpp:310) on port 'gmem3' (top.cpp:310) [132]  (2.43 ns)

 <State 72>: 2.43ns
The critical path consists of the following:
	bus response operation ('empty_44', top.cpp:310) on port 'gmem3' (top.cpp:310) [132]  (2.43 ns)

 <State 73>: 2.43ns
The critical path consists of the following:
	bus response operation ('empty_44', top.cpp:310) on port 'gmem3' (top.cpp:310) [132]  (2.43 ns)

 <State 74>: 2.43ns
The critical path consists of the following:
	bus response operation ('empty_44', top.cpp:310) on port 'gmem3' (top.cpp:310) [132]  (2.43 ns)

 <State 75>: 2.43ns
The critical path consists of the following:
	bus response operation ('empty_44', top.cpp:310) on port 'gmem3' (top.cpp:310) [132]  (2.43 ns)

 <State 76>: 2.43ns
The critical path consists of the following:
	bus response operation ('empty_44', top.cpp:310) on port 'gmem3' (top.cpp:310) [132]  (2.43 ns)

 <State 77>: 2.43ns
The critical path consists of the following:
	bus response operation ('empty_44', top.cpp:310) on port 'gmem3' (top.cpp:310) [132]  (2.43 ns)

 <State 78>: 2.43ns
The critical path consists of the following:
	bus response operation ('empty_44', top.cpp:310) on port 'gmem3' (top.cpp:310) [132]  (2.43 ns)

 <State 79>: 2.43ns
The critical path consists of the following:
	bus response operation ('empty_44', top.cpp:310) on port 'gmem3' (top.cpp:310) [132]  (2.43 ns)

 <State 80>: 2.43ns
The critical path consists of the following:
	bus response operation ('empty_44', top.cpp:310) on port 'gmem3' (top.cpp:310) [132]  (2.43 ns)

 <State 81>: 2.43ns
The critical path consists of the following:
	bus response operation ('empty_44', top.cpp:310) on port 'gmem3' (top.cpp:310) [132]  (2.43 ns)

 <State 82>: 2.43ns
The critical path consists of the following:
	bus response operation ('empty_44', top.cpp:310) on port 'gmem3' (top.cpp:310) [132]  (2.43 ns)

 <State 83>: 2.43ns
The critical path consists of the following:
	bus response operation ('empty_44', top.cpp:310) on port 'gmem3' (top.cpp:310) [132]  (2.43 ns)

 <State 84>: 2.43ns
The critical path consists of the following:
	bus response operation ('empty_44', top.cpp:310) on port 'gmem3' (top.cpp:310) [132]  (2.43 ns)

 <State 85>: 2.43ns
The critical path consists of the following:
	bus response operation ('empty_44', top.cpp:310) on port 'gmem3' (top.cpp:310) [132]  (2.43 ns)

 <State 86>: 2.43ns
The critical path consists of the following:
	bus response operation ('empty_44', top.cpp:310) on port 'gmem3' (top.cpp:310) [132]  (2.43 ns)

 <State 87>: 2.43ns
The critical path consists of the following:
	bus response operation ('empty_44', top.cpp:310) on port 'gmem3' (top.cpp:310) [132]  (2.43 ns)

 <State 88>: 2.43ns
The critical path consists of the following:
	bus response operation ('empty_44', top.cpp:310) on port 'gmem3' (top.cpp:310) [132]  (2.43 ns)


============================================================
+ Verbose Summary: Binding
============================================================
N/A
* FSMD analyzer results:
  - Output states:
 - Input state : 
  - Chain level:
	State 1
	State 2
	State 3
	State 4
	State 5
	State 6
	State 7
	State 8
	State 9
	State 10
	State 11
	State 12
	State 13
	State 14
	State 15
	State 16
	State 17
	State 18
	State 19
	State 20
	State 21
	State 22
	State 23
	State 24
	State 25
	State 26
	State 27
	State 28
	State 29
	State 30
	State 31
	State 32
	State 33
	State 34
	State 35
	State 36
	State 37
	State 38
	State 39
	State 40
	State 41
	State 42
	State 43
	State 44
	State 45
	State 46
	State 47
	State 48
	State 49
	State 50
	State 51
	State 52
	State 53
	State 54
	State 55
	State 56
	State 57
	State 58
	State 59
	State 60
	State 61
	State 62
	State 63
	State 64
	State 65
	State 66
	State 67
	State 68
	State 69
	State 70
	State 71
	State 72
	State 73
	State 74
	State 75
	State 76
	State 77
	State 78
	State 79
	State 80
	State 81
	State 82
	State 83
	State 84
	State 85
	State 86
	State 87
	State 88


============================================================
+ Verbose Summary: Datapath Resource usage 
============================================================
N/A
