

================================================================
== Vitis HLS Report for 'array_io'
================================================================
* Date:           Fri Oct 14 01:25:55 2022

* Version:        2022.1 (Build 3526262 on Mon Apr 18 15:47:01 MDT 2022)
* Project:        array_io_prj
* Solution:       solution3 (Vivado IP Flow Target)
* Product family: virtexuplus
* Target device:  xcvu9p-flgb2104-1-e


================================================================
== Performance Estimates
================================================================
+ Timing: 
    * Summary: 
    +--------+---------+----------+------------+
    |  Clock |  Target | Estimated| Uncertainty|
    +--------+---------+----------+------------+
    |ap_clk  |  4.00 ns|  2.759 ns|     1.08 ns|
    +--------+---------+----------+------------+

+ Latency: 
    * Summary: 
    +---------+---------+-----------+-----------+-----+-----+---------+
    |  Latency (cycles) |   Latency (absolute)  |  Interval | Pipeline|
    |   min   |   max   |    min    |    max    | min | max |   Type  |
    +---------+---------+-----------+-----------+-----+-----+---------+
    |       10|       10|  40.000 ns|  40.000 ns|   11|   11|       no|
    +---------+---------+-----------+-----------+-----+-----+---------+

    + Detail: 
        * Instance: 
        N/A

        * Loop: 
        N/A



================================================================
== Utilization Estimates
================================================================
* Summary: 
+---------------------+---------+------+---------+---------+-----+
|         Name        | BRAM_18K|  DSP |    FF   |   LUT   | URAM|
+---------------------+---------+------+---------+---------+-----+
|DSP                  |        -|     -|        -|        -|    -|
|Expression           |        -|     -|        0|     1642|    -|
|FIFO                 |        -|     -|        -|        -|    -|
|Instance             |        -|     -|        -|        -|    -|
|Memory               |        -|     -|        -|        -|    -|
|Multiplexer          |        -|     -|        -|      544|    -|
|Register             |        -|     -|      899|        -|    -|
+---------------------+---------+------+---------+---------+-----+
|Total                |        0|     0|      899|     2186|    0|
+---------------------+---------+------+---------+---------+-----+
|Available SLR        |     1440|  2280|   788160|   394080|  320|
+---------------------+---------+------+---------+---------+-----+
|Utilization SLR (%)  |        0|     0|       ~0|       ~0|    0|
+---------------------+---------+------+---------+---------+-----+
|Available            |     4320|  6840|  2364480|  1182240|  960|
+---------------------+---------+------+---------+---------+-----+
|Utilization (%)      |        0|     0|       ~0|       ~0|    0|
+---------------------+---------+------+---------+---------+-----+

+ Detail: 
    * Instance: 
    N/A

    * DSP: 
    N/A

    * Memory: 
    N/A

    * FIFO: 
    N/A

    * Expression: 
    +------------------------+----------+----+---+----+------------+------------+
    |      Variable Name     | Operation| DSP| FF| LUT| Bitwidth P0| Bitwidth P1|
    +------------------------+----------+----+---+----+------------+------------+
    |add_ln67_10_fu_650_p2   |         +|   0|  0|  25|          18|          18|
    |add_ln67_12_fu_725_p2   |         +|   0|  0|  32|          32|          32|
    |add_ln67_13_fu_676_p2   |         +|   0|  0|  24|          17|          17|
    |add_ln67_14_fu_734_p2   |         +|   0|  0|  25|          18|          18|
    |add_ln67_16_fu_809_p2   |         +|   0|  0|  32|          32|          32|
    |add_ln67_17_fu_760_p2   |         +|   0|  0|  24|          17|          17|
    |add_ln67_18_fu_818_p2   |         +|   0|  0|  25|          18|          18|
    |add_ln67_1_fu_467_p2    |         +|   0|  0|  24|          17|          17|
    |add_ln67_20_fu_893_p2   |         +|   0|  0|  32|          32|          32|
    |add_ln67_21_fu_844_p2   |         +|   0|  0|  24|          17|          17|
    |add_ln67_22_fu_902_p2   |         +|   0|  0|  25|          18|          18|
    |add_ln67_24_fu_977_p2   |         +|   0|  0|  32|          32|          32|
    |add_ln67_25_fu_928_p2   |         +|   0|  0|  24|          17|          17|
    |add_ln67_26_fu_986_p2   |         +|   0|  0|  25|          18|          18|
    |add_ln67_28_fu_1057_p2  |         +|   0|  0|  32|          32|          32|
    |add_ln67_29_fu_1012_p2  |         +|   0|  0|  24|          17|          17|
    |add_ln67_2_fu_535_p2    |         +|   0|  0|  25|          18|          18|
    |add_ln67_30_fu_1066_p2  |         +|   0|  0|  25|          18|          18|
    |add_ln67_4_fu_557_p2    |         +|   0|  0|  32|          32|          32|
    |add_ln67_5_fu_477_p2    |         +|   0|  0|  24|          17|          17|
    |add_ln67_6_fu_566_p2    |         +|   0|  0|  25|          18|          18|
    |add_ln67_8_fu_641_p2    |         +|   0|  0|  32|          32|          32|
    |add_ln67_9_fu_592_p2    |         +|   0|  0|  24|          17|          17|
    |add_ln67_fu_527_p2      |         +|   0|  0|  32|          32|          32|
    |add_ln69_10_fu_700_p2   |         +|   0|  0|  23|          16|          16|
    |add_ln69_11_fu_784_p2   |         +|   0|  0|  23|          16|          16|
    |add_ln69_12_fu_868_p2   |         +|   0|  0|  23|          16|          16|
    |add_ln69_13_fu_952_p2   |         +|   0|  0|  23|          16|          16|
    |add_ln69_14_fu_1036_p2  |         +|   0|  0|  23|          16|          16|
    |add_ln69_15_fu_1088_p2  |         +|   0|  0|  23|          16|          16|
    |add_ln69_16_fu_517_p2   |         +|   0|  0|  23|          16|          16|
    |add_ln69_17_fu_625_p2   |         +|   0|  0|  23|          16|          16|
    |add_ln69_18_fu_709_p2   |         +|   0|  0|  23|          16|          16|
    |add_ln69_19_fu_793_p2   |         +|   0|  0|  23|          16|          16|
    |add_ln69_1_fu_498_p2    |         +|   0|  0|  23|          16|          16|
    |add_ln69_20_fu_877_p2   |         +|   0|  0|  23|          16|          16|
    |add_ln69_21_fu_961_p2   |         +|   0|  0|  23|          16|          16|
    |add_ln69_22_fu_1045_p2  |         +|   0|  0|  23|          16|          16|
    |add_ln69_23_fu_1093_p2  |         +|   0|  0|  23|          16|          16|
    |add_ln69_24_fu_635_p2   |         +|   0|  0|  23|          16|          16|
    |add_ln69_25_fu_719_p2   |         +|   0|  0|  23|          16|          16|
    |add_ln69_26_fu_803_p2   |         +|   0|  0|  23|          16|          16|
    |add_ln69_27_fu_887_p2   |         +|   0|  0|  23|          16|          16|
    |add_ln69_28_fu_971_p2   |         +|   0|  0|  23|          16|          16|
    |add_ln69_29_fu_1051_p2  |         +|   0|  0|  23|          16|          16|
    |add_ln69_2_fu_610_p2    |         +|   0|  0|  23|          16|          16|
    |add_ln69_30_fu_1099_p2  |         +|   0|  0|  23|          16|          16|
    |add_ln69_31_fu_1105_p2  |         +|   0|  0|  23|          16|          16|
    |add_ln69_3_fu_694_p2    |         +|   0|  0|  23|          16|          16|
    |add_ln69_4_fu_778_p2    |         +|   0|  0|  23|          16|          16|
    |add_ln69_5_fu_862_p2    |         +|   0|  0|  23|          16|          16|
    |add_ln69_6_fu_946_p2    |         +|   0|  0|  23|          16|          16|
    |add_ln69_7_fu_1030_p2   |         +|   0|  0|  23|          16|          16|
    |add_ln69_8_fu_508_p2    |         +|   0|  0|  23|          16|          16|
    |add_ln69_9_fu_616_p2    |         +|   0|  0|  23|          16|          16|
    |add_ln69_fu_449_p2      |         +|   0|  0|  23|          16|          16|
    |temp_1_fu_576_p2        |         +|   0|  0|  32|          32|          32|
    |temp_2_fu_660_p2        |         +|   0|  0|  32|          32|          32|
    |temp_3_fu_744_p2        |         +|   0|  0|  32|          32|          32|
    |temp_4_fu_828_p2        |         +|   0|  0|  32|          32|          32|
    |temp_5_fu_912_p2        |         +|   0|  0|  32|          32|          32|
    |temp_6_fu_996_p2        |         +|   0|  0|  32|          32|          32|
    |temp_7_fu_1076_p2       |         +|   0|  0|  32|          32|          32|
    |temp_fu_545_p2          |         +|   0|  0|  32|          32|          32|
    |ap_block_state10        |        or|   0|  0|   2|           1|           1|
    +------------------------+----------+----+---+----+------------+------------+
    |Total                   |          |   0|  0|1642|        1305|        1305|
    +------------------------+----------+----+---+----+------------+------------+

    * Multiplexer: 
    +----------------+----+-----------+-----+-----------+
    |      Name      | LUT| Input Size| Bits| Total Bits|
    +----------------+----+-----------+-----+-----------+
    |ap_NS_fsm       |  65|         12|    1|         12|
    |d_i_0_address0  |  49|          9|    3|         27|
    |d_i_1_address0  |  49|          9|    3|         27|
    |d_i_2_address0  |  26|          5|    3|         15|
    |d_i_2_address1  |  26|          5|    3|         15|
    |d_i_3_address0  |  26|          5|    3|         15|
    |d_i_3_address1  |  26|          5|    3|         15|
    |d_o_0_blk_n     |   9|          2|    1|          2|
    |d_o_0_din       |  49|          9|   16|        144|
    |d_o_1_blk_n     |   9|          2|    1|          2|
    |d_o_1_din       |  49|          9|   16|        144|
    |d_o_2_blk_n     |   9|          2|    1|          2|
    |d_o_2_din       |  49|          9|   16|        144|
    |d_o_3_blk_n     |   9|          2|    1|          2|
    |d_o_3_din       |  49|          9|   16|        144|
    |reg_416         |   9|          2|   16|         32|
    |reg_421         |   9|          2|   16|         32|
    |reg_426         |   9|          2|   16|         32|
    |reg_431         |   9|          2|   16|         32|
    |reg_436         |   9|          2|   16|         32|
    +----------------+----+-----------+-----+-----------+
    |Total           | 544|        104|  167|        870|
    +----------------+----+-----------+-----+-----------+

    * Register: 
    +----------------------+----+----+-----+-----------+
    |         Name         | FF | LUT| Bits| Const Bits|
    +----------------------+----+----+-----+-----------+
    |acc_0                 |  32|   0|   32|          0|
    |acc_1                 |  32|   0|   32|          0|
    |acc_2                 |  32|   0|   32|          0|
    |acc_3                 |  32|   0|   32|          0|
    |acc_4                 |  32|   0|   32|          0|
    |acc_5                 |  32|   0|   32|          0|
    |acc_6                 |  32|   0|   32|          0|
    |acc_7                 |  32|   0|   32|          0|
    |add_ln67_13_reg_1259  |  17|   0|   17|          0|
    |add_ln67_17_reg_1301  |  17|   0|   17|          0|
    |add_ln67_1_reg_1170   |  17|   0|   17|          0|
    |add_ln67_21_reg_1343  |  17|   0|   17|          0|
    |add_ln67_25_reg_1385  |  17|   0|   17|          0|
    |add_ln67_29_reg_1422  |  17|   0|   17|          0|
    |add_ln67_5_reg_1175   |  17|   0|   17|          0|
    |add_ln67_9_reg_1217   |  17|   0|   17|          0|
    |add_ln69_10_reg_1280  |  16|   0|   16|          0|
    |add_ln69_11_reg_1322  |  16|   0|   16|          0|
    |add_ln69_12_reg_1364  |  16|   0|   16|          0|
    |add_ln69_13_reg_1406  |  16|   0|   16|          0|
    |add_ln69_14_reg_1433  |  16|   0|   16|          0|
    |add_ln69_15_reg_1444  |  16|   0|   16|          0|
    |add_ln69_16_reg_1206  |  16|   0|   16|          0|
    |add_ln69_17_reg_1248  |  16|   0|   16|          0|
    |add_ln69_18_reg_1290  |  16|   0|   16|          0|
    |add_ln69_19_reg_1332  |  16|   0|   16|          0|
    |add_ln69_1_reg_1185   |  16|   0|   16|          0|
    |add_ln69_20_reg_1374  |  16|   0|   16|          0|
    |add_ln69_21_reg_1416  |  16|   0|   16|          0|
    |add_ln69_22_reg_1438  |  16|   0|   16|          0|
    |add_ln69_23_reg_1449  |  16|   0|   16|          0|
    |add_ln69_2_reg_1227   |  16|   0|   16|          0|
    |add_ln69_3_reg_1269   |  16|   0|   16|          0|
    |add_ln69_4_reg_1311   |  16|   0|   16|          0|
    |add_ln69_5_reg_1353   |  16|   0|   16|          0|
    |add_ln69_6_reg_1395   |  16|   0|   16|          0|
    |add_ln69_7_reg_1427   |  16|   0|   16|          0|
    |add_ln69_8_reg_1196   |  16|   0|   16|          0|
    |add_ln69_9_reg_1238   |  16|   0|   16|          0|
    |add_ln69_reg_1149     |  16|   0|   16|          0|
    |ap_CS_fsm             |  11|   0|   11|          0|
    |d_i_0_load_reg_1144   |  16|   0|   16|          0|
    |reg_412               |  16|   0|   16|          0|
    |reg_416               |  16|   0|   16|          0|
    |reg_421               |  16|   0|   16|          0|
    |reg_426               |  16|   0|   16|          0|
    |reg_431               |  16|   0|   16|          0|
    |reg_436               |  16|   0|   16|          0|
    +----------------------+----+----+-----+-----------+
    |Total                 | 899|   0|  899|          0|
    +----------------------+----+----+-----+-----------+



================================================================
== Interface
================================================================
* Summary: 
+----------------+-----+-----+------------+--------------+--------------+
|    RTL Ports   | Dir | Bits|  Protocol  | Source Object|    C Type    |
+----------------+-----+-----+------------+--------------+--------------+
|ap_clk          |   in|    1|  ap_ctrl_hs|      array_io|  return value|
|ap_rst          |   in|    1|  ap_ctrl_hs|      array_io|  return value|
|ap_start        |   in|    1|  ap_ctrl_hs|      array_io|  return value|
|ap_done         |  out|    1|  ap_ctrl_hs|      array_io|  return value|
|ap_idle         |  out|    1|  ap_ctrl_hs|      array_io|  return value|
|ap_ready        |  out|    1|  ap_ctrl_hs|      array_io|  return value|
|d_o_0_din       |  out|   16|     ap_fifo|         d_o_0|       pointer|
|d_o_0_full_n    |   in|    1|     ap_fifo|         d_o_0|       pointer|
|d_o_0_write     |  out|    1|     ap_fifo|         d_o_0|       pointer|
|d_o_1_din       |  out|   16|     ap_fifo|         d_o_1|       pointer|
|d_o_1_full_n    |   in|    1|     ap_fifo|         d_o_1|       pointer|
|d_o_1_write     |  out|    1|     ap_fifo|         d_o_1|       pointer|
|d_o_2_din       |  out|   16|     ap_fifo|         d_o_2|       pointer|
|d_o_2_full_n    |   in|    1|     ap_fifo|         d_o_2|       pointer|
|d_o_2_write     |  out|    1|     ap_fifo|         d_o_2|       pointer|
|d_o_3_din       |  out|   16|     ap_fifo|         d_o_3|       pointer|
|d_o_3_full_n    |   in|    1|     ap_fifo|         d_o_3|       pointer|
|d_o_3_write     |  out|    1|     ap_fifo|         d_o_3|       pointer|
|d_i_0_address0  |  out|    3|   ap_memory|         d_i_0|         array|
|d_i_0_ce0       |  out|    1|   ap_memory|         d_i_0|         array|
|d_i_0_q0        |   in|   16|   ap_memory|         d_i_0|         array|
|d_i_1_address0  |  out|    3|   ap_memory|         d_i_1|         array|
|d_i_1_ce0       |  out|    1|   ap_memory|         d_i_1|         array|
|d_i_1_q0        |   in|   16|   ap_memory|         d_i_1|         array|
|d_i_2_address0  |  out|    3|   ap_memory|         d_i_2|         array|
|d_i_2_ce0       |  out|    1|   ap_memory|         d_i_2|         array|
|d_i_2_q0        |   in|   16|   ap_memory|         d_i_2|         array|
|d_i_2_address1  |  out|    3|   ap_memory|         d_i_2|         array|
|d_i_2_ce1       |  out|    1|   ap_memory|         d_i_2|         array|
|d_i_2_q1        |   in|   16|   ap_memory|         d_i_2|         array|
|d_i_3_address0  |  out|    3|   ap_memory|         d_i_3|         array|
|d_i_3_ce0       |  out|    1|   ap_memory|         d_i_3|         array|
|d_i_3_q0        |   in|   16|   ap_memory|         d_i_3|         array|
|d_i_3_address1  |  out|    3|   ap_memory|         d_i_3|         array|
|d_i_3_ce1       |  out|    1|   ap_memory|         d_i_3|         array|
|d_i_3_q1        |   in|   16|   ap_memory|         d_i_3|         array|
+----------------+-----+-----+------------+--------------+--------------+

